Archive member included to satisfy reference by file (symbol)

c:/st/stm32cubeide_1.8.0/stm32cubeide/plugins/com.st.stm32cube.ide.mcu.externaltools.gnu-tools-for-stm32.9-2020-q2-update.win32_2.0.0.202105311346/tools/bin/../lib/gcc/arm-none-eabi/9.3.1/../../../../arm-none-eabi/lib/thumb/v7e-m+fp/hard\libc_nano.a(lib_a-errno.o)
                              ./Core/Src/syscalls.o (__errno)
c:/st/stm32cubeide_1.8.0/stm32cubeide/plugins/com.st.stm32cube.ide.mcu.externaltools.gnu-tools-for-stm32.9-2020-q2-update.win32_2.0.0.202105311346/tools/bin/../lib/gcc/arm-none-eabi/9.3.1/../../../../arm-none-eabi/lib/thumb/v7e-m+fp/hard\libc_nano.a(lib_a-exit.o)
                              c:/st/stm32cubeide_1.8.0/stm32cubeide/plugins/com.st.stm32cube.ide.mcu.externaltools.gnu-tools-for-stm32.9-2020-q2-update.win32_2.0.0.202105311346/tools/bin/../lib/gcc/arm-none-eabi/9.3.1/../../../../arm-none-eabi/lib/thumb/v7e-m+fp/hard/crt0.o (exit)
c:/st/stm32cubeide_1.8.0/stm32cubeide/plugins/com.st.stm32cube.ide.mcu.externaltools.gnu-tools-for-stm32.9-2020-q2-update.win32_2.0.0.202105311346/tools/bin/../lib/gcc/arm-none-eabi/9.3.1/../../../../arm-none-eabi/lib/thumb/v7e-m+fp/hard\libc_nano.a(lib_a-impure.o)
                              c:/st/stm32cubeide_1.8.0/stm32cubeide/plugins/com.st.stm32cube.ide.mcu.externaltools.gnu-tools-for-stm32.9-2020-q2-update.win32_2.0.0.202105311346/tools/bin/../lib/gcc/arm-none-eabi/9.3.1/../../../../arm-none-eabi/lib/thumb/v7e-m+fp/hard\libc_nano.a(lib_a-exit.o) (_global_impure_ptr)
c:/st/stm32cubeide_1.8.0/stm32cubeide/plugins/com.st.stm32cube.ide.mcu.externaltools.gnu-tools-for-stm32.9-2020-q2-update.win32_2.0.0.202105311346/tools/bin/../lib/gcc/arm-none-eabi/9.3.1/../../../../arm-none-eabi/lib/thumb/v7e-m+fp/hard\libc_nano.a(lib_a-init.o)
                              c:/st/stm32cubeide_1.8.0/stm32cubeide/plugins/com.st.stm32cube.ide.mcu.externaltools.gnu-tools-for-stm32.9-2020-q2-update.win32_2.0.0.202105311346/tools/bin/../lib/gcc/arm-none-eabi/9.3.1/../../../../arm-none-eabi/lib/thumb/v7e-m+fp/hard/crt0.o (__libc_init_array)
c:/st/stm32cubeide_1.8.0/stm32cubeide/plugins/com.st.stm32cube.ide.mcu.externaltools.gnu-tools-for-stm32.9-2020-q2-update.win32_2.0.0.202105311346/tools/bin/../lib/gcc/arm-none-eabi/9.3.1/../../../../arm-none-eabi/lib/thumb/v7e-m+fp/hard\libc_nano.a(lib_a-malloc.o)
                              ./Core/Src/main.o (malloc)
c:/st/stm32cubeide_1.8.0/stm32cubeide/plugins/com.st.stm32cube.ide.mcu.externaltools.gnu-tools-for-stm32.9-2020-q2-update.win32_2.0.0.202105311346/tools/bin/../lib/gcc/arm-none-eabi/9.3.1/../../../../arm-none-eabi/lib/thumb/v7e-m+fp/hard\libc_nano.a(lib_a-memset.o)
                              c:/st/stm32cubeide_1.8.0/stm32cubeide/plugins/com.st.stm32cube.ide.mcu.externaltools.gnu-tools-for-stm32.9-2020-q2-update.win32_2.0.0.202105311346/tools/bin/../lib/gcc/arm-none-eabi/9.3.1/../../../../arm-none-eabi/lib/thumb/v7e-m+fp/hard/crt0.o (memset)
c:/st/stm32cubeide_1.8.0/stm32cubeide/plugins/com.st.stm32cube.ide.mcu.externaltools.gnu-tools-for-stm32.9-2020-q2-update.win32_2.0.0.202105311346/tools/bin/../lib/gcc/arm-none-eabi/9.3.1/../../../../arm-none-eabi/lib/thumb/v7e-m+fp/hard\libc_nano.a(lib_a-nano-freer.o)
                              c:/st/stm32cubeide_1.8.0/stm32cubeide/plugins/com.st.stm32cube.ide.mcu.externaltools.gnu-tools-for-stm32.9-2020-q2-update.win32_2.0.0.202105311346/tools/bin/../lib/gcc/arm-none-eabi/9.3.1/../../../../arm-none-eabi/lib/thumb/v7e-m+fp/hard\libc_nano.a(lib_a-malloc.o) (_free_r)
c:/st/stm32cubeide_1.8.0/stm32cubeide/plugins/com.st.stm32cube.ide.mcu.externaltools.gnu-tools-for-stm32.9-2020-q2-update.win32_2.0.0.202105311346/tools/bin/../lib/gcc/arm-none-eabi/9.3.1/../../../../arm-none-eabi/lib/thumb/v7e-m+fp/hard\libc_nano.a(lib_a-nano-mallocr.o)
                              c:/st/stm32cubeide_1.8.0/stm32cubeide/plugins/com.st.stm32cube.ide.mcu.externaltools.gnu-tools-for-stm32.9-2020-q2-update.win32_2.0.0.202105311346/tools/bin/../lib/gcc/arm-none-eabi/9.3.1/../../../../arm-none-eabi/lib/thumb/v7e-m+fp/hard\libc_nano.a(lib_a-malloc.o) (_malloc_r)
c:/st/stm32cubeide_1.8.0/stm32cubeide/plugins/com.st.stm32cube.ide.mcu.externaltools.gnu-tools-for-stm32.9-2020-q2-update.win32_2.0.0.202105311346/tools/bin/../lib/gcc/arm-none-eabi/9.3.1/../../../../arm-none-eabi/lib/thumb/v7e-m+fp/hard\libc_nano.a(lib_a-sbrkr.o)
                              c:/st/stm32cubeide_1.8.0/stm32cubeide/plugins/com.st.stm32cube.ide.mcu.externaltools.gnu-tools-for-stm32.9-2020-q2-update.win32_2.0.0.202105311346/tools/bin/../lib/gcc/arm-none-eabi/9.3.1/../../../../arm-none-eabi/lib/thumb/v7e-m+fp/hard\libc_nano.a(lib_a-nano-mallocr.o) (_sbrk_r)
c:/st/stm32cubeide_1.8.0/stm32cubeide/plugins/com.st.stm32cube.ide.mcu.externaltools.gnu-tools-for-stm32.9-2020-q2-update.win32_2.0.0.202105311346/tools/bin/../lib/gcc/arm-none-eabi/9.3.1/../../../../arm-none-eabi/lib/thumb/v7e-m+fp/hard\libc_nano.a(lib_a-mlock.o)
[...]
Memory Configuration

Name             Origin             Length             Attributes
RAM              0x0000000020000000 0x0000000000018000 xrw
FLASH            0x0000000008000000 0x0000000000080000 xr
*default*        0x0000000000000000 0xffffffffffffffff

Linker script and memory map

LOAD c:/st/stm32cubeide_1.8.0/stm32cubeide/plugins/com.st.stm32cube.ide.mcu.externaltools.gnu-tools-for-stm32.9-2020-q2-update.win32_2.0.0.202105311346/tools/bin/../lib/gcc/arm-none-eabi/9.3.1/thumb/v7e-m+fp/hard/crti.o
LOAD c:/st/stm32cubeide_1.8.0/stm32cubeide/plugins/com.st.stm32cube.ide.mcu.externaltools.gnu-tools-for-stm32.9-2020-q2-update.win32_2.0.0.202105311346/tools/bin/../lib/gcc/arm-none-eabi/9.3.1/thumb/v7e-m+fp/hard/crtbegin.o
LOAD c:/st/stm32cubeide_1.8.0/stm32cubeide/plugins/com.st.stm32cube.ide.mcu.externaltools.gnu-tools-for-stm32.9-2020-q2-update.win32_2.0.0.202105311346/tools/bin/../lib/gcc/arm-none-eabi/9.3.1/../../../../arm-none-eabi/lib/thumb/v7e-m+fp/hard/crt0.o
LOAD ./Core/Src/adc.o
LOAD ./Core/Src/dma.o
LOAD ./Core/Src/gpio.o
LOAD ./Core/Src/led_panel.o
LOAD ./Core/Src/main.o
LOAD ./Core/Src/my_spi.o
LOAD ./Core/Src/spi.o
LOAD ./Core/Src/stm32f4xx_hal_msp.o
LOAD ./Core/Src/stm32f4xx_hal_timebase_tim.o
LOAD ./Core/Src/stm32f4xx_it.o
LOAD ./Core/Src/syscalls.o
LOAD ./Core/Src/sysmem.o
LOAD ./Core/Src/system_stm32f4xx.o
LOAD ./Core/Src/tim.o
LOAD ./Core/Src/usart.o
LOAD ./Core/Src/ws2812_spi_lib.o
LOAD ./Core/Startup/startup_stm32f401ceux.o
LOAD ./Drivers/STM32F4xx_HAL_Driver/Src/stm32f4xx_hal.o
LOAD ./Drivers/STM32F4xx_HAL_Driver/Src/stm32f4xx_hal_adc.o
LOAD ./Drivers/STM32F4xx_HAL_Driver/Src/stm32f4xx_hal_adc_ex.o
LOAD ./Drivers/STM32F4xx_HAL_Driver/Src/stm32f4xx_hal_cortex.o
LOAD ./Drivers/STM32F4xx_HAL_Driver/Src/stm32f4xx_hal_dma.o
LOAD ./Drivers/STM32F4xx_HAL_Driver/Src/stm32f4xx_hal_dma_ex.o
LOAD ./Drivers/STM32F4xx_HAL_Driver/Src/stm32f4xx_hal_exti.o
LOAD ./Drivers/STM32F4xx_HAL_Driver/Src/stm32f4xx_hal_flash.o
LOAD ./Drivers/STM32F4xx_HAL_Driver/Src/stm32f4xx_hal_flash_ex.o
LOAD ./Drivers/STM32F4xx_HAL_Driver/Src/stm32f4xx_hal_flash_ramfunc.o
LOAD ./Drivers/STM32F4xx_HAL_Driver/Src/stm32f4xx_hal_gpio.o
LOAD ./Drivers/STM32F4xx_HAL_Driver/Src/stm32f4xx_hal_pwr.o
LOAD ./Drivers/STM32F4xx_HAL_Driver/Src/stm32f4xx_hal_pwr_ex.o
LOAD ./Drivers/STM32F4xx_HAL_Driver/Src/stm32f4xx_hal_rcc.o
LOAD ./Drivers/STM32F4xx_HAL_Driver/Src/stm32f4xx_hal_rcc_ex.o
LOAD ./Drivers/STM32F4xx_HAL_Driver/Src/stm32f4xx_hal_spi.o
LOAD ./Drivers/STM32F4xx_HAL_Driver/Src/stm32f4xx_hal_tim.o
LOAD ./Drivers/STM32F4xx_HAL_Driver/Src/stm32f4xx_hal_tim_ex.o
LOAD ./Drivers/STM32F4xx_HAL_Driver/Src/stm32f4xx_hal_uart.o
START GROUP
LOAD c:/st/stm32cubeide_1.8.0/stm32cubeide/plugins/com.st.stm32cube.ide.mcu.externaltools.gnu-tools-for-stm32.9-2020-q2-update.win32_2.0.0.202105311346/tools/bin/../lib/gcc/arm-none-eabi/9.3.1/../../../../arm-none-eabi/lib/thumb/v7e-m+fp/hard\libstdc++_nano.a
LOAD c:/st/stm32cubeide_1.8.0/stm32cubeide/plugins/com.st.stm32cube.ide.mcu.externaltools.gnu-tools-for-stm32.9-2020-q2-update.win32_2.0.0.202105311346/tools/bin/../lib/gcc/arm-none-eabi/9.3.1/../../../../arm-none-eabi/lib/thumb/v7e-m+fp/hard\libsupc++_nano.a
END GROUP
LOAD c:/st/stm32cubeide_1.8.0/stm32cubeide/plugins/com.st.stm32cube.ide.mcu.externaltools.gnu-tools-for-stm32.9-2020-q2-update.win32_2.0.0.202105311346/tools/bin/../lib/gcc/arm-none-eabi/9.3.1/../../../../arm-none-eabi/lib/thumb/v7e-m+fp/hard\libstdc++_nano.a
LOAD c:/st/stm32cubeide_1.8.0/stm32cubeide/plugins/com.st.stm32cube.ide.mcu.externaltools.gnu-tools-for-stm32.9-2020-q2-update.win32_2.0.0.202105311346/tools/bin/../lib/gcc/arm-none-eabi/9.3.1/../../../../arm-none-eabi/lib/thumb/v7e-m+fp/hard\libm.a
LOAD c:/st/stm32cubeide_1.8.0/stm32cubeide/plugins/com.st.stm32cube.ide.mcu.externaltools.gnu-tools-for-stm32.9-2020-q2-update.win32_2.0.0.202105311346/tools/bin/../lib/gcc/arm-none-eabi/9.3.1/../../../../arm-none-eabi/lib/thumb/v7e-m+fp/hard\libc_nano.a
START GROUP
LOAD c:/st/stm32cubeide_1.8.0/stm32cubeide/plugins/com.st.stm32cube.ide.mcu.externaltools.gnu-tools-for-stm32.9-2020-q2-update.win32_2.0.0.202105311346/tools/bin/../lib/gcc/arm-none-eabi/9.3.1/thumb/v7e-m+fp/hard\libgcc.a
LOAD c:/st/stm32cubeide_1.8.0/stm32cubeide/plugins/com.st.stm32cube.ide.mcu.externaltools.gnu-tools-for-stm32.9-2020-q2-update.win32_2.0.0.202105311346/tools/bin/../lib/gcc/arm-none-eabi/9.3.1/../../../../arm-none-eabi/lib/thumb/v7e-m+fp/hard\libc_nano.a
END GROUP
START GROUP
LOAD c:/st/stm32cubeide_1.8.0/stm32cubeide/plugins/com.st.stm32cube.ide.mcu.externaltools.gnu-tools-for-stm32.9-2020-q2-update.win32_2.0.0.202105311346/tools/bin/../lib/gcc/arm-none-eabi/9.3.1/thumb/v7e-m+fp/hard\libgcc.a
LOAD c:/st/stm32cubeide_1.8.0/stm32cubeide/plugins/com.st.stm32cube.ide.mcu.externaltools.gnu-tools-for-stm32.9-2020-q2-update.win32_2.0.0.202105311346/tools/bin/../lib/gcc/arm-none-eabi/9.3.1/../../../../arm-none-eabi/lib/thumb/v7e-m+fp/hard\libc_nano.a
LOAD c:/st/stm32cubeide_1.8.0/stm32cubeide/plugins/com.st.stm32cube.ide.mcu.externaltools.gnu-tools-for-stm32.9-2020-q2-update.win32_2.0.0.202105311346/tools/bin/../lib/gcc/arm-none-eabi/9.3.1/../../../../arm-none-eabi/lib/thumb/v7e-m+fp/hard\libnosys.a
END GROUP
START GROUP
LOAD c:/st/stm32cubeide_1.8.0/stm32cubeide/plugins/com.st.stm32cube.ide.mcu.externaltools.gnu-tools-for-stm32.9-2020-q2-update.win32_2.0.0.202105311346/tools/bin/../lib/gcc/arm-none-eabi/9.3.1/thumb/v7e-m+fp/hard\libgcc.a
LOAD c:/st/stm32cubeide_1.8.0/stm32cubeide/plugins/com.st.stm32cube.ide.mcu.externaltools.gnu-tools-for-stm32.9-2020-q2-update.win32_2.0.0.202105311346/tools/bin/../lib/gcc/arm-none-eabi/9.3.1/../../../../arm-none-eabi/lib/thumb/v7e-m+fp/hard\libc_nano.a
LOAD c:/st/stm32cubeide_1.8.0/stm32cubeide/plugins/com.st.stm32cube.ide.mcu.externaltools.gnu-tools-for-stm32.9-2020-q2-update.win32_2.0.0.202105311346/tools/bin/../lib/gcc/arm-none-eabi/9.3.1/../../../../arm-none-eabi/lib/thumb/v7e-m+fp/hard\libnosys.a
END GROUP
LOAD c:/st/stm32cubeide_1.8.0/stm32cubeide/plugins/com.st.stm32cube.ide.mcu.externaltools.gnu-tools-for-stm32.9-2020-q2-update.win32_2.0.0.202105311346/tools/bin/../lib/gcc/arm-none-eabi/9.3.1/thumb/v7e-m+fp/hard/crtend.o
LOAD c:/st/stm32cubeide_1.8.0/stm32cubeide/plugins/com.st.stm32cube.ide.mcu.externaltools.gnu-tools-for-stm32.9-2020-q2-update.win32_2.0.0.202105311346/tools/bin/../lib/gcc/arm-none-eabi/9.3.1/thumb/v7e-m+fp/hard/crtn.o
                0x0000000020018000                _estack = (ORIGIN (RAM) + LENGTH (RAM))
                0x0000000000000200                _Min_Heap_Size = 0x200
                0x0000000000000400                _Min_Stack_Size = 0x400

.isr_vector     0x0000000008000000      0x194
                0x0000000008000000                . = ALIGN (0x4)
 *(.isr_vector)
 .isr_vector    0x0000000008000000      0x194 ./Core/Startup/startup_stm32f401ceux.o
                0x0000000008000000                g_pfnVectors
                0x0000000008000194                . = ALIGN (0x4)

.text           0x0000000008000194     0x735c
                0x0000000008000194                . = ALIGN (0x4)
 *(.text)
 .text          0x0000000008000194       0x40 c:/st/stm32cubeide_1.8.0/stm32cubeide/plugins/com.st.stm32cube.ide.mcu.externaltools.gnu-tools-for-stm32.9-2020-q2-update.win32_2.0.0.202105311346/tools/bin/../lib/gcc/arm-none-eabi/9.3.1/thumb/v7e-m+fp/hard/crtbegin.o
 .text          0x00000000080001d4       0x30 c:/st/stm32cubeide_1.8.0/stm32cubeide/plugins/com.st.stm32cube.ide.mcu.externaltools.gnu-tools-for-stm32.9-2020-q2-update.win32_2.0.0.202105311346/tools/bin/../lib/gcc/arm-none-eabi/9.3.1/thumb/v7e-m+fp/hard\libgcc.a(_aeabi_uldivmod.o)
                0x00000000080001d4                __aeabi_uldivmod
 .text          0x0000000008000204      0x2c4 c:/st/stm32cubeide_1.8.0/stm32cubeide/plugins/com.st.stm32cube.ide.mcu.externaltools.gnu-tools-for-stm32.9-2020-q2-update.win32_2.0.0.202105311346/tools/bin/../lib/gcc/arm-none-eabi/9.3.1/thumb/v7e-m+fp/hard\libgcc.a(_udivmoddi4.o)
                0x0000000008000204                __udivmoddi4
 .text          0x00000000080004c8        0x4 c:/st/stm32cubeide_1.8.0/stm32cubeide/plugins/com.st.stm32cube.ide.mcu.externaltools.gnu-tools-for-stm32.9-2020-q2-update.win32_2.0.0.202105311346/tools/bin/../lib/gcc/arm-none-eabi/9.3.1/thumb/v7e-m+fp/hard\libgcc.a(_dvmd_tls.o)
                0x00000000080004c8                __aeabi_idiv0
                0x00000000080004c8                __aeabi_ldiv0
 *(.text*)
 .text.MX_ADC1_Init
                0x00000000080004cc       0xf8 ./Core/Src/adc.o
                0x00000000080004cc                MX_ADC1_Init
 .text.HAL_ADC_MspInit
                0x00000000080005c4      0x128 ./Core/Src/adc.o
                0x00000000080005c4                HAL_ADC_MspInit
 .text.MX_DMA_Init
                0x00000000080006ec       0x7c ./Core/Src/dma.o
                0x00000000080006ec                MX_DMA_Init
 .text.MX_GPIO_Init
                0x0000000008000768      0x1ec ./Core/Src/gpio.o
                0x0000000008000768                MX_GPIO_Init
 .text.read_ir_sensor
                0x0000000008000954      0x42c ./Core/Src/led_panel.o
                0x0000000008000954                read_ir_sensor
 .text.HAL_ADC_ConvCpltCallback
                0x0000000008000d80       0x24 ./Core/Src/led_panel.o
                0x0000000008000d80                HAL_ADC_ConvCpltCallback
 .text.set_panel_pixels
                0x0000000008000da4       0xca ./Core/Src/led_panel.o
                0x0000000008000da4                set_panel_pixels
 *fill*         0x0000000008000e6e        0x2 
 .text.set_panel_clut
                0x0000000008000e70      0x118 ./Core/Src/led_panel.o
                0x0000000008000e70                set_panel_clut
 .text.set_collective_pixels
                0x0000000008000f88       0x7e ./Core/Src/led_panel.o
                0x0000000008000f88                set_collective_pixels
 .text.set_panel_pixel_tx
                0x0000000008001006       0xda ./Core/Src/led_panel.o
                0x0000000008001006                set_panel_pixel_tx
 .text.get_panel_header
                0x00000000080010e0       0x74 ./Core/Src/led_panel.o
                0x00000000080010e0                get_panel_header
 .text.get_panel_payload
                0x0000000008001154       0x38 ./Core/Src/led_panel.o
                0x0000000008001154                get_panel_payload
 .text.set_panel_it
                0x000000000800118c      0x188 ./Core/Src/led_panel.o
                0x000000000800118c                set_panel_it
 .text.set_panel_output
                0x0000000008001314       0xb8 ./Core/Src/led_panel.o
                0x0000000008001314                set_panel_output
 .text.master_get_data
                0x00000000080013cc      0x178 ./Core/Src/led_panel.o
                0x00000000080013cc                master_get_data
 .text.get_panel_structure
                0x0000000008001544      0x290 ./Core/Src/led_panel.o
                0x0000000008001544                get_panel_structure
 .text.get_active_pixels
                0x00000000080017d4      0x27c ./Core/Src/led_panel.o
                0x00000000080017d4                get_active_pixels
 .text.update_panel_pixels
                0x0000000008001a50      0x144 ./Core/Src/led_panel.o
                0x0000000008001a50                update_panel_pixels
 .text.play_pong
                0x0000000008001b94      0x29c ./Core/Src/led_panel.o
                0x0000000008001b94                play_pong
 .text.get_local_ir
                0x0000000008001e30       0xa0 ./Core/Src/led_panel.o
                0x0000000008001e30                get_local_ir
 .text.show_ir  0x0000000008001ed0      0x1ec ./Core/Src/led_panel.o
                0x0000000008001ed0                show_ir
 .text.inPaddle
                0x00000000080020bc       0x4c ./Core/Src/led_panel.o
                0x00000000080020bc                inPaddle
 .text.is_pixel_active
                0x0000000008002108      0x17c ./Core/Src/led_panel.o
                0x0000000008002108                is_pixel_active
 .text.set_cs_output
                0x0000000008002284      0x108 ./Core/Src/led_panel.o
                0x0000000008002284                set_cs_output
 .text.get_header_payload
                0x000000000800238c      0x110 ./Core/Src/led_panel.o
                0x000000000800238c                get_header_payload
 .text.main     0x000000000800249c      0x76c ./Core/Src/main.o
                0x000000000800249c                main
 .text.SystemClock_Config
                0x0000000008002c08       0xd4 ./Core/Src/main.o
                0x0000000008002c08                SystemClock_Config
 .text.set_spi2_mode
                0x0000000008002cdc      0x1a0 ./Core/Src/main.o
                0x0000000008002cdc                set_spi2_mode
 .text.delay_us
                0x0000000008002e7c       0x38 ./Core/Src/main.o
                0x0000000008002e7c                delay_us
 .text.bitread  0x0000000008002eb4       0x2c ./Core/Src/main.o
                0x0000000008002eb4                bitread
 .text.HAL_TIM_PeriodElapsedCallback
                0x0000000008002ee0       0x1e ./Core/Src/main.o
                0x0000000008002ee0                HAL_TIM_PeriodElapsedCallback
 .text.Error_Handler
                0x0000000008002efe        0xe ./Core/Src/main.o
                0x0000000008002efe                Error_Handler
 .text.MX_SPI1_Init
                0x0000000008002f0c       0x6c ./Core/Src/spi.o
                0x0000000008002f0c                MX_SPI1_Init
 .text.MX_SPI2_Init
                0x0000000008002f78       0x64 ./Core/Src/spi.o
                0x0000000008002f78                MX_SPI2_Init
 .text.HAL_SPI_MspInit
                0x0000000008002fdc      0x1ec ./Core/Src/spi.o
                0x0000000008002fdc                HAL_SPI_MspInit
 .text.HAL_SPI_MspDeInit
                0x00000000080031c8       0x6c ./Core/Src/spi.o
                0x00000000080031c8                HAL_SPI_MspDeInit
 .text.HAL_MspInit
                0x0000000008003234       0x50 ./Core/Src/stm32f4xx_hal_msp.o
                0x0000000008003234                HAL_MspInit
 .text.HAL_InitTick
                0x0000000008003284       0xb4 ./Core/Src/stm32f4xx_hal_timebase_tim.o
                0x0000000008003284                HAL_InitTick
 .text.NMI_Handler
                0x0000000008003338        0xe ./Core/Src/stm32f4xx_it.o
                0x0000000008003338                NMI_Handler
 .text.HardFault_Handler
                0x0000000008003346       0x58 ./Core/Src/stm32f4xx_it.o
                0x0000000008003346                HardFault_Handler
 .text.MemManage_Handler
                0x000000000800339e        0x6 ./Core/Src/stm32f4xx_it.o
                0x000000000800339e                MemManage_Handler
 .text.BusFault_Handler
                0x00000000080033a4        0x6 ./Core/Src/stm32f4xx_it.o
                0x00000000080033a4                BusFault_Handler
 .text.UsageFault_Handler
                0x00000000080033aa        0x6 ./Core/Src/stm32f4xx_it.o
                0x00000000080033aa                UsageFault_Handler
 .text.SVC_Handler
                0x00000000080033b0        0xe ./Core/Src/stm32f4xx_it.o
                0x00000000080033b0                SVC_Handler
 .text.DebugMon_Handler
                0x00000000080033be        0xe ./Core/Src/stm32f4xx_it.o
                0x00000000080033be                DebugMon_Handler
 .text.PendSV_Handler
                0x00000000080033cc        0xe ./Core/Src/stm32f4xx_it.o
                0x00000000080033cc                PendSV_Handler
 .text.EXTI0_IRQHandler
                0x00000000080033da        0xe ./Core/Src/stm32f4xx_it.o
                0x00000000080033da                EXTI0_IRQHandler
 .text.EXTI1_IRQHandler
                0x00000000080033e8       0x38 ./Core/Src/stm32f4xx_it.o
                0x00000000080033e8                EXTI1_IRQHandler
 .text.EXTI2_IRQHandler
                0x0000000008003420       0x38 ./Core/Src/stm32f4xx_it.o
                0x0000000008003420                EXTI2_IRQHandler
 .text.DMA1_Stream5_IRQHandler
                0x0000000008003458       0x14 ./Core/Src/stm32f4xx_it.o
                0x0000000008003458                DMA1_Stream5_IRQHandler
 .text.TIM2_IRQHandler
                0x000000000800346c       0x14 ./Core/Src/stm32f4xx_it.o
                0x000000000800346c                TIM2_IRQHandler
 .text.EXTI15_10_IRQHandler
                0x0000000008003480       0x54 ./Core/Src/stm32f4xx_it.o
                0x0000000008003480                EXTI15_10_IRQHandler
 .text.DMA2_Stream0_IRQHandler
                0x00000000080034d4       0x14 ./Core/Src/stm32f4xx_it.o
                0x00000000080034d4                DMA2_Stream0_IRQHandler
 .text.DMA2_Stream3_IRQHandler
                0x00000000080034e8       0x14 ./Core/Src/stm32f4xx_it.o
                0x00000000080034e8                DMA2_Stream3_IRQHandler
 .text._sbrk    0x00000000080034fc       0x58 ./Core/Src/sysmem.o
                0x00000000080034fc                _sbrk
 .text.SystemInit
                0x0000000008003554       0x2c ./Core/Src/system_stm32f4xx.o
                0x0000000008003554                SystemInit
 .text.MX_TIM1_Init
                0x0000000008003580       0xa0 ./Core/Src/tim.o
                0x0000000008003580                MX_TIM1_Init
 .text.HAL_TIM_Base_MspInit
                0x0000000008003620       0x44 ./Core/Src/tim.o
                0x0000000008003620                HAL_TIM_Base_MspInit
 .text.MX_USART2_UART_Init
                0x0000000008003664       0x54 ./Core/Src/usart.o
                0x0000000008003664                MX_USART2_UART_Init
 .text.HAL_UART_MspInit
                0x00000000080036b8       0xf4 ./Core/Src/usart.o
                0x00000000080036b8                HAL_UART_MspInit
 .text.byte_to_color
                0x00000000080037ac       0x8c ./Core/Src/ws2812_spi_lib.o
                0x00000000080037ac                byte_to_color
 .text.set_pixel_color
                0x0000000008003838       0x66 ./Core/Src/ws2812_spi_lib.o
                0x0000000008003838                set_pixel_color
 *fill*         0x000000000800389e        0x2 
 .text.show_pixels
                0x00000000080038a0       0x20 ./Core/Src/ws2812_spi_lib.o
                0x00000000080038a0                show_pixels
 .text.clear_pixels
                0x00000000080038c0       0x34 ./Core/Src/ws2812_spi_lib.o
                0x00000000080038c0                clear_pixels
 .text.map      0x00000000080038f4       0x38 ./Core/Src/ws2812_spi_lib.o
                0x00000000080038f4                map
 .text.Reset_Handler
                0x000000000800392c       0x50 ./Core/Startup/startup_stm32f401ceux.o
                0x000000000800392c                Reset_Handler
 .text.Default_Handler
                0x000000000800397c        0x2 ./Core/Startup/startup_stm32f401ceux.o
                0x000000000800397c                RTC_Alarm_IRQHandler
                0x000000000800397c                SPI4_IRQHandler
                0x000000000800397c                TIM1_CC_IRQHandler
                0x000000000800397c                DMA2_Stream5_IRQHandler
                0x000000000800397c                SysTick_Handler
                0x000000000800397c                PVD_IRQHandler
                0x000000000800397c                SDIO_IRQHandler
                0x000000000800397c                TAMP_STAMP_IRQHandler
                0x000000000800397c                EXTI3_IRQHandler
                0x000000000800397c                TIM1_UP_TIM10_IRQHandler
                0x000000000800397c                I2C3_ER_IRQHandler
                0x000000000800397c                I2C2_EV_IRQHandler
                0x000000000800397c                DMA1_Stream2_IRQHandler
                0x000000000800397c                FPU_IRQHandler
                0x000000000800397c                DMA2_Stream2_IRQHandler
                0x000000000800397c                SPI1_IRQHandler
                0x000000000800397c                TIM1_BRK_TIM9_IRQHandler
                0x000000000800397c                USART6_IRQHandler
                0x000000000800397c                TIM4_IRQHandler
                0x000000000800397c                I2C1_EV_IRQHandler
                0x000000000800397c                DMA1_Stream6_IRQHandler
                0x000000000800397c                DMA1_Stream1_IRQHandler
                0x000000000800397c                TIM3_IRQHandler
                0x000000000800397c                RCC_IRQHandler
                0x000000000800397c                Default_Handler
                0x000000000800397c                ADC_IRQHandler
                0x000000000800397c                DMA1_Stream7_IRQHandler
                0x000000000800397c                TIM5_IRQHandler
                0x000000000800397c                DMA2_Stream7_IRQHandler
                0x000000000800397c                I2C3_EV_IRQHandler
                0x000000000800397c                EXTI9_5_IRQHandler
                0x000000000800397c                RTC_WKUP_IRQHandler
                0x000000000800397c                SPI2_IRQHandler
                0x000000000800397c                DMA1_Stream0_IRQHandler
                0x000000000800397c                EXTI4_IRQHandler
                0x000000000800397c                WWDG_IRQHandler
                0x000000000800397c                OTG_FS_WKUP_IRQHandler
                0x000000000800397c                TIM1_TRG_COM_TIM11_IRQHandler
                0x000000000800397c                USART2_IRQHandler
                0x000000000800397c                I2C2_ER_IRQHandler
                0x000000000800397c                DMA2_Stream1_IRQHandler
                0x000000000800397c                FLASH_IRQHandler
                0x000000000800397c                DMA2_Stream4_IRQHandler
                0x000000000800397c                USART1_IRQHandler
                0x000000000800397c                OTG_FS_IRQHandler
                0x000000000800397c                SPI3_IRQHandler
                0x000000000800397c                DMA1_Stream4_IRQHandler
                0x000000000800397c                I2C1_ER_IRQHandler
                0x000000000800397c                DMA2_Stream6_IRQHandler
                0x000000000800397c                DMA1_Stream3_IRQHandler
 *fill*         0x000000000800397e        0x2 
 .text.HAL_Init
                0x0000000008003980       0x44 ./Drivers/STM32F4xx_HAL_Driver/Src/stm32f4xx_hal.o
                0x0000000008003980                HAL_Init
 .text.HAL_IncTick
                0x00000000080039c4       0x28 ./Drivers/STM32F4xx_HAL_Driver/Src/stm32f4xx_hal.o
                0x00000000080039c4                HAL_IncTick
 .text.HAL_GetTick
                0x00000000080039ec       0x18 ./Drivers/STM32F4xx_HAL_Driver/Src/stm32f4xx_hal.o
                0x00000000080039ec                HAL_GetTick
 .text.HAL_Delay
                0x0000000008003a04       0x48 ./Drivers/STM32F4xx_HAL_Driver/Src/stm32f4xx_hal.o
                0x0000000008003a04                HAL_Delay
 .text.HAL_ADC_Init
                0x0000000008003a4c       0x86 ./Drivers/STM32F4xx_HAL_Driver/Src/stm32f4xx_hal_adc.o
                0x0000000008003a4c                HAL_ADC_Init
 *fill*         0x0000000008003ad2        0x2 
 .text.HAL_ADC_Start_DMA
                0x0000000008003ad4      0x1a8 ./Drivers/STM32F4xx_HAL_Driver/Src/stm32f4xx_hal_adc.o
                0x0000000008003ad4                HAL_ADC_Start_DMA
 .text.HAL_ADC_Stop_DMA
                0x0000000008003c7c       0x94 ./Drivers/STM32F4xx_HAL_Driver/Src/stm32f4xx_hal_adc.o
                0x0000000008003c7c                HAL_ADC_Stop_DMA
 .text.HAL_ADC_ConvHalfCpltCallback
                0x0000000008003d10       0x14 ./Drivers/STM32F4xx_HAL_Driver/Src/stm32f4xx_hal_adc.o
                0x0000000008003d10                HAL_ADC_ConvHalfCpltCallback
 .text.HAL_ADC_ErrorCallback
                0x0000000008003d24       0x14 ./Drivers/STM32F4xx_HAL_Driver/Src/stm32f4xx_hal_adc.o
                0x0000000008003d24                HAL_ADC_ErrorCallback
 .text.HAL_ADC_ConfigChannel
                0x0000000008003d38      0x244 ./Drivers/STM32F4xx_HAL_Driver/Src/stm32f4xx_hal_adc.o
                0x0000000008003d38                HAL_ADC_ConfigChannel
 .text.ADC_Init
                0x0000000008003f7c      0x1f8 ./Drivers/STM32F4xx_HAL_Driver/Src/stm32f4xx_hal_adc.o
 .text.ADC_DMAConvCplt
                0x0000000008004174       0xba ./Drivers/STM32F4xx_HAL_Driver/Src/stm32f4xx_hal_adc.o
 .text.ADC_DMAHalfConvCplt
                0x000000000800422e       0x1c ./Drivers/STM32F4xx_HAL_Driver/Src/stm32f4xx_hal_adc.o
 .text.ADC_DMAError
                0x000000000800424a       0x2e ./Drivers/STM32F4xx_HAL_Driver/Src/stm32f4xx_hal_adc.o
 .text.__NVIC_SetPriorityGrouping
                0x0000000008004278       0x48 ./Drivers/STM32F4xx_HAL_Driver/Src/stm32f4xx_hal_cortex.o
 .text.__NVIC_GetPriorityGrouping
                0x00000000080042c0       0x1c ./Drivers/STM32F4xx_HAL_Driver/Src/stm32f4xx_hal_cortex.o
 .text.__NVIC_EnableIRQ
                0x00000000080042dc       0x3c ./Drivers/STM32F4xx_HAL_Driver/Src/stm32f4xx_hal_cortex.o
 .text.__NVIC_SetPriority
                0x0000000008004318       0x54 ./Drivers/STM32F4xx_HAL_Driver/Src/stm32f4xx_hal_cortex.o
 .text.NVIC_EncodePriority
                0x000000000800436c       0x66 ./Drivers/STM32F4xx_HAL_Driver/Src/stm32f4xx_hal_cortex.o
 .text.HAL_NVIC_SetPriorityGrouping
                0x00000000080043d2       0x16 ./Drivers/STM32F4xx_HAL_Driver/Src/stm32f4xx_hal_cortex.o
                0x00000000080043d2                HAL_NVIC_SetPriorityGrouping
 .text.HAL_NVIC_SetPriority
                0x00000000080043e8       0x38 ./Drivers/STM32F4xx_HAL_Driver/Src/stm32f4xx_hal_cortex.o
                0x00000000080043e8                HAL_NVIC_SetPriority
 .text.HAL_NVIC_EnableIRQ
                0x0000000008004420       0x1c ./Drivers/STM32F4xx_HAL_Driver/Src/stm32f4xx_hal_cortex.o
                0x0000000008004420                HAL_NVIC_EnableIRQ
 .text.HAL_DMA_Init
                0x000000000800443c      0x15c ./Drivers/STM32F4xx_HAL_Driver/Src/stm32f4xx_hal_dma.o
                0x000000000800443c                HAL_DMA_Init
 .text.HAL_DMA_DeInit
                0x0000000008004598       0xbc ./Drivers/STM32F4xx_HAL_Driver/Src/stm32f4xx_hal_dma.o
                0x0000000008004598                HAL_DMA_DeInit
 .text.HAL_DMA_Start_IT
                0x0000000008004654       0xb0 ./Drivers/STM32F4xx_HAL_Driver/Src/stm32f4xx_hal_dma.o
                0x0000000008004654                HAL_DMA_Start_IT
 .text.HAL_DMA_Abort
                0x0000000008004704       0xe0 ./Drivers/STM32F4xx_HAL_Driver/Src/stm32f4xx_hal_dma.o
                0x0000000008004704                HAL_DMA_Abort
 .text.HAL_DMA_IRQHandler
                0x00000000080047e4      0x314 ./Drivers/STM32F4xx_HAL_Driver/Src/stm32f4xx_hal_dma.o
                0x00000000080047e4                HAL_DMA_IRQHandler
 .text.DMA_SetConfig
                0x0000000008004af8       0x5c ./Drivers/STM32F4xx_HAL_Driver/Src/stm32f4xx_hal_dma.o
 .text.DMA_CalcBaseAndBitshift
                0x0000000008004b54       0x6c ./Drivers/STM32F4xx_HAL_Driver/Src/stm32f4xx_hal_dma.o
 .text.DMA_CheckFifoParam
                0x0000000008004bc0       0xf8 ./Drivers/STM32F4xx_HAL_Driver/Src/stm32f4xx_hal_dma.o
 .text.HAL_GPIO_Init
                0x0000000008004cb8      0x308 ./Drivers/STM32F4xx_HAL_Driver/Src/stm32f4xx_hal_gpio.o
                0x0000000008004cb8                HAL_GPIO_Init
 .text.HAL_GPIO_DeInit
                0x0000000008004fc0      0x1c8 ./Drivers/STM32F4xx_HAL_Driver/Src/stm32f4xx_hal_gpio.o
                0x0000000008004fc0                HAL_GPIO_DeInit
 .text.HAL_GPIO_WritePin
                0x0000000008005188       0x32 ./Drivers/STM32F4xx_HAL_Driver/Src/stm32f4xx_hal_gpio.o
                0x0000000008005188                HAL_GPIO_WritePin
 *fill*         0x00000000080051ba        0x2 
 .text.HAL_GPIO_EXTI_IRQHandler
                0x00000000080051bc       0x30 ./Drivers/STM32F4xx_HAL_Driver/Src/stm32f4xx_hal_gpio.o
                0x00000000080051bc                HAL_GPIO_EXTI_IRQHandler
 .text.HAL_GPIO_EXTI_Callback
                0x00000000080051ec       0x16 ./Drivers/STM32F4xx_HAL_Driver/Src/stm32f4xx_hal_gpio.o
                0x00000000080051ec                HAL_GPIO_EXTI_Callback
 *fill*         0x0000000008005202        0x2 
 .text.HAL_RCC_OscConfig
                0x0000000008005204      0x4e0 ./Drivers/STM32F4xx_HAL_Driver/Src/stm32f4xx_hal_rcc.o
                0x0000000008005204                HAL_RCC_OscConfig
 .text.HAL_RCC_ClockConfig
                0x00000000080056e4      0x1cc ./Drivers/STM32F4xx_HAL_Driver/Src/stm32f4xx_hal_rcc.o
                0x00000000080056e4                HAL_RCC_ClockConfig
 .text.HAL_RCC_GetSysClockFreq
                0x00000000080058b0      0x16c ./Drivers/STM32F4xx_HAL_Driver/Src/stm32f4xx_hal_rcc.o
                0x00000000080058b0                HAL_RCC_GetSysClockFreq
 .text.HAL_RCC_GetHCLKFreq
                0x0000000008005a1c       0x18 ./Drivers/STM32F4xx_HAL_Driver/Src/stm32f4xx_hal_rcc.o
                0x0000000008005a1c                HAL_RCC_GetHCLKFreq
 .text.HAL_RCC_GetPCLK1Freq
                0x0000000008005a34       0x28 ./Drivers/STM32F4xx_HAL_Driver/Src/stm32f4xx_hal_rcc.o
                0x0000000008005a34                HAL_RCC_GetPCLK1Freq
 .text.HAL_RCC_GetPCLK2Freq
                0x0000000008005a5c       0x28 ./Drivers/STM32F4xx_HAL_Driver/Src/stm32f4xx_hal_rcc.o
                0x0000000008005a5c                HAL_RCC_GetPCLK2Freq
 .text.HAL_RCC_GetClockConfig
                0x0000000008005a84       0x64 ./Drivers/STM32F4xx_HAL_Driver/Src/stm32f4xx_hal_rcc.o
                0x0000000008005a84                HAL_RCC_GetClockConfig
 .text.HAL_SPI_Init
                0x0000000008005ae8       0xc8 ./Drivers/STM32F4xx_HAL_Driver/Src/stm32f4xx_hal_spi.o
                0x0000000008005ae8                HAL_SPI_Init
 .text.HAL_SPI_TransmitReceive
                0x0000000008005bb0      0x344 ./Drivers/STM32F4xx_HAL_Driver/Src/stm32f4xx_hal_spi.o
                0x0000000008005bb0                HAL_SPI_TransmitReceive
 .text.HAL_SPI_Transmit_DMA
                0x0000000008005ef4      0x15c ./Drivers/STM32F4xx_HAL_Driver/Src/stm32f4xx_hal_spi.o
                0x0000000008005ef4                HAL_SPI_Transmit_DMA
 .text.HAL_SPI_TxCpltCallback
                0x0000000008006050       0x14 ./Drivers/STM32F4xx_HAL_Driver/Src/stm32f4xx_hal_spi.o
                0x0000000008006050                HAL_SPI_TxCpltCallback
 .text.HAL_SPI_TxHalfCpltCallback
                0x0000000008006064       0x14 ./Drivers/STM32F4xx_HAL_Driver/Src/stm32f4xx_hal_spi.o
                0x0000000008006064                HAL_SPI_TxHalfCpltCallback
 .text.HAL_SPI_ErrorCallback
                0x0000000008006078       0x14 ./Drivers/STM32F4xx_HAL_Driver/Src/stm32f4xx_hal_spi.o
                0x0000000008006078                HAL_SPI_ErrorCallback
 .text.SPI_DMATransmitCplt
                0x000000000800608c       0xa8 ./Drivers/STM32F4xx_HAL_Driver/Src/stm32f4xx_hal_spi.o
 .text.SPI_DMAHalfTransmitCplt
                0x0000000008006134       0x1c ./Drivers/STM32F4xx_HAL_Driver/Src/stm32f4xx_hal_spi.o
 .text.SPI_DMAError
                0x0000000008006150       0x40 ./Drivers/STM32F4xx_HAL_Driver/Src/stm32f4xx_hal_spi.o
 .text.SPI_WaitFlagStateUntilTimeout
                0x0000000008006190       0xd4 ./Drivers/STM32F4xx_HAL_Driver/Src/stm32f4xx_hal_spi.o
 .text.SPI_EndRxTxTransaction
                0x0000000008006264       0x84 ./Drivers/STM32F4xx_HAL_Driver/Src/stm32f4xx_hal_spi.o
 .text.HAL_TIM_Base_Init
                0x00000000080062e8       0x56 ./Drivers/STM32F4xx_HAL_Driver/Src/stm32f4xx_hal_tim.o
                0x00000000080062e8                HAL_TIM_Base_Init
 .text.HAL_TIM_Base_Start
                0x000000000800633e       0x48 ./Drivers/STM32F4xx_HAL_Driver/Src/stm32f4xx_hal_tim.o
                0x000000000800633e                HAL_TIM_Base_Start
 .text.HAL_TIM_Base_Start_IT
                0x0000000008006386       0x48 ./Drivers/STM32F4xx_HAL_Driver/Src/stm32f4xx_hal_tim.o
                0x0000000008006386                HAL_TIM_Base_Start_IT
 .text.HAL_TIM_IRQHandler
                0x00000000080063ce      0x210 ./Drivers/STM32F4xx_HAL_Driver/Src/stm32f4xx_hal_tim.o
                0x00000000080063ce                HAL_TIM_IRQHandler
 .text.HAL_TIM_ConfigClockSource
                0x00000000080065de      0x188 ./Drivers/STM32F4xx_HAL_Driver/Src/stm32f4xx_hal_tim.o
                0x00000000080065de                HAL_TIM_ConfigClockSource
 .text.HAL_TIM_OC_DelayElapsedCallback
                0x0000000008006766       0x14 ./Drivers/STM32F4xx_HAL_Driver/Src/stm32f4xx_hal_tim.o
                0x0000000008006766                HAL_TIM_OC_DelayElapsedCallback
 .text.HAL_TIM_IC_CaptureCallback
                0x000000000800677a       0x14 ./Drivers/STM32F4xx_HAL_Driver/Src/stm32f4xx_hal_tim.o
                0x000000000800677a                HAL_TIM_IC_CaptureCallback
 .text.HAL_TIM_PWM_PulseFinishedCallback
                0x000000000800678e       0x14 ./Drivers/STM32F4xx_HAL_Driver/Src/stm32f4xx_hal_tim.o
                0x000000000800678e                HAL_TIM_PWM_PulseFinishedCallback
 .text.HAL_TIM_TriggerCallback
                0x00000000080067a2       0x14 ./Drivers/STM32F4xx_HAL_Driver/Src/stm32f4xx_hal_tim.o
                0x00000000080067a2                HAL_TIM_TriggerCallback
 *fill*         0x00000000080067b6        0x2 
 .text.TIM_Base_SetConfig
                0x00000000080067b8      0x100 ./Drivers/STM32F4xx_HAL_Driver/Src/stm32f4xx_hal_tim.o
                0x00000000080067b8                TIM_Base_SetConfig
 .text.TIM_TI1_ConfigInputStage
                0x00000000080068b8       0x5e ./Drivers/STM32F4xx_HAL_Driver/Src/stm32f4xx_hal_tim.o
 .text.TIM_TI2_ConfigInputStage
                0x0000000008006916       0x60 ./Drivers/STM32F4xx_HAL_Driver/Src/stm32f4xx_hal_tim.o
 .text.TIM_ITRx_SetConfig
                0x0000000008006976       0x36 ./Drivers/STM32F4xx_HAL_Driver/Src/stm32f4xx_hal_tim.o
 .text.TIM_ETR_SetConfig
                0x00000000080069ac       0x40 ./Drivers/STM32F4xx_HAL_Driver/Src/stm32f4xx_hal_tim.o
                0x00000000080069ac                TIM_ETR_SetConfig
 .text.HAL_TIMEx_MasterConfigSynchronization
                0x00000000080069ec       0xdc ./Drivers/STM32F4xx_HAL_Driver/Src/stm32f4xx_hal_tim_ex.o
                0x00000000080069ec                HAL_TIMEx_MasterConfigSynchronization
 .text.HAL_TIMEx_CommutCallback
                0x0000000008006ac8       0x14 ./Drivers/STM32F4xx_HAL_Driver/Src/stm32f4xx_hal_tim_ex.o
                0x0000000008006ac8                HAL_TIMEx_CommutCallback
 .text.HAL_TIMEx_BreakCallback
                0x0000000008006adc       0x14 ./Drivers/STM32F4xx_HAL_Driver/Src/stm32f4xx_hal_tim_ex.o
                0x0000000008006adc                HAL_TIMEx_BreakCallback
 .text.HAL_UART_Init
                0x0000000008006af0       0x9a ./Drivers/STM32F4xx_HAL_Driver/Src/stm32f4xx_hal_uart.o
                0x0000000008006af0                HAL_UART_Init
 *fill*         0x0000000008006b8a        0x2 
 .text.UART_SetConfig
                0x0000000008006b8c      0x738 ./Drivers/STM32F4xx_HAL_Driver/Src/stm32f4xx_hal_uart.o
 .text.__errno  0x00000000080072c4        0xc c:/st/stm32cubeide_1.8.0/stm32cubeide/plugins/com.st.stm32cube.ide.mcu.externaltools.gnu-tools-for-stm32.9-2020-q2-update.win32_2.0.0.202105311346/tools/bin/../lib/gcc/arm-none-eabi/9.3.1/../../../../arm-none-eabi/lib/thumb/v7e-m+fp/hard\libc_nano.a(lib_a-errno.o)
                0x00000000080072c4                __errno
 .text.__libc_init_array
                0x00000000080072d0       0x48 c:/st/stm32cubeide_1.8.0/stm32cubeide/plugins/com.st.stm32cube.ide.mcu.externaltools.gnu-tools-for-stm32.9-2020-q2-update.win32_2.0.0.202105311346/tools/bin/../lib/gcc/arm-none-eabi/9.3.1/../../../../arm-none-eabi/lib/thumb/v7e-m+fp/hard\libc_nano.a(lib_a-init.o)
                0x00000000080072d0                __libc_init_array
 .text.malloc   0x0000000008007318       0x10 c:/st/stm32cubeide_1.8.0/stm32cubeide/plugins/com.st.stm32cube.ide.mcu.externaltools.gnu-tools-for-stm32.9-2020-q2-update.win32_2.0.0.202105311346/tools/bin/../lib/gcc/arm-none-eabi/9.3.1/../../../../arm-none-eabi/lib/thumb/v7e-m+fp/hard\libc_nano.a(lib_a-malloc.o)
                0x0000000008007318                malloc
 .text.free     0x0000000008007328       0x10 c:/st/stm32cubeide_1.8.0/stm32cubeide/plugins/com.st.stm32cube.ide.mcu.externaltools.gnu-tools-for-stm32.9-2020-q2-update.win32_2.0.0.202105311346/tools/bin/../lib/gcc/arm-none-eabi/9.3.1/../../../../arm-none-eabi/lib/thumb/v7e-m+fp/hard\libc_nano.a(lib_a-malloc.o)
                0x0000000008007328                free
 .text.memset   0x0000000008007338       0x10 c:/st/stm32cubeide_1.8.0/stm32cubeide/plugins/com.st.stm32cube.ide.mcu.externaltools.gnu-tools-for-stm32.9-2020-q2-update.win32_2.0.0.202105311346/tools/bin/../lib/gcc/arm-none-eabi/9.3.1/../../../../arm-none-eabi/lib/thumb/v7e-m+fp/hard\libc_nano.a(lib_a-memset.o)
                0x0000000008007338                memset
 .text._free_r  0x0000000008007348       0xa0 c:/st/stm32cubeide_1.8.0/stm32cubeide/plugins/com.st.stm32cube.ide.mcu.externaltools.gnu-tools-for-stm32.9-2020-q2-update.win32_2.0.0.202105311346/tools/bin/../lib/gcc/arm-none-eabi/9.3.1/../../../../arm-none-eabi/lib/thumb/v7e-m+fp/hard\libc_nano.a(lib_a-nano-freer.o)
                0x0000000008007348                _free_r
 .text._malloc_r
                0x00000000080073e8       0xb4 c:/st/stm32cubeide_1.8.0/stm32cubeide/plugins/com.st.stm32cube.ide.mcu.externaltools.gnu-tools-for-stm32.9-2020-q2-update.win32_2.0.0.202105311346/tools/bin/../lib/gcc/arm-none-eabi/9.3.1/../../../../arm-none-eabi/lib/thumb/v7e-m+fp/hard\libc_nano.a(lib_a-nano-mallocr.o)
                0x00000000080073e8                _malloc_r
 .text._sbrk_r  0x000000000800749c       0x20 c:/st/stm32cubeide_1.8.0/stm32cubeide/plugins/com.st.stm32cube.ide.mcu.externaltools.gnu-tools-for-stm32.9-2020-q2-update.win32_2.0.0.202105311346/tools/bin/../lib/gcc/arm-none-eabi/9.3.1/../../../../arm-none-eabi/lib/thumb/v7e-m+fp/hard\libc_nano.a(lib_a-sbrkr.o)
                0x000000000800749c                _sbrk_r
 .text.__malloc_lock
                0x00000000080074bc        0xc c:/st/stm32cubeide_1.8.0/stm32cubeide/plugins/com.st.stm32cube.ide.mcu.externaltools.gnu-tools-for-stm32.9-2020-q2-update.win32_2.0.0.202105311346/tools/bin/../lib/gcc/arm-none-eabi/9.3.1/../../../../arm-none-eabi/lib/thumb/v7e-m+fp/hard\libc_nano.a(lib_a-mlock.o)
                0x00000000080074bc                __malloc_lock
 .text.__malloc_unlock
                0x00000000080074c8        0xc c:/st/stm32cubeide_1.8.0/stm32cubeide/plugins/com.st.stm32cube.ide.mcu.externaltools.gnu-tools-for-stm32.9-2020-q2-update.win32_2.0.0.202105311346/tools/bin/../lib/gcc/arm-none-eabi/9.3.1/../../../../arm-none-eabi/lib/thumb/v7e-m+fp/hard\libc_nano.a(lib_a-mlock.o)
                0x00000000080074c8                __malloc_unlock
 .text.__retarget_lock_acquire_recursive
                0x00000000080074d4        0x2 c:/st/stm32cubeide_1.8.0/stm32cubeide/plugins/com.st.stm32cube.ide.mcu.externaltools.gnu-tools-for-stm32.9-2020-q2-update.win32_2.0.0.202105311346/tools/bin/../lib/gcc/arm-none-eabi/9.3.1/../../../../arm-none-eabi/lib/thumb/v7e-m+fp/hard\libc_nano.a(lib_a-lock.o)
                0x00000000080074d4                __retarget_lock_acquire_recursive
 .text.__retarget_lock_release_recursive
                0x00000000080074d6        0x2 c:/st/stm32cubeide_1.8.0/stm32cubeide/plugins/com.st.stm32cube.ide.mcu.externaltools.gnu-tools-for-stm32.9-2020-q2-update.win32_2.0.0.202105311346/tools/bin/../lib/gcc/arm-none-eabi/9.3.1/../../../../arm-none-eabi/lib/thumb/v7e-m+fp/hard\libc_nano.a(lib_a-lock.o)
                0x00000000080074d6                __retarget_lock_release_recursive
 *(.glue_7)
 .glue_7        0x00000000080074d8        0x0 linker stubs
 *(.glue_7t)
 .glue_7t       0x00000000080074d8        0x0 linker stubs
 *(.eh_frame)
 .eh_frame      0x00000000080074d8        0x0 c:/st/stm32cubeide_1.8.0/stm32cubeide/plugins/com.st.stm32cube.ide.mcu.externaltools.gnu-tools-for-stm32.9-2020-q2-update.win32_2.0.0.202105311346/tools/bin/../lib/gcc/arm-none-eabi/9.3.1/thumb/v7e-m+fp/hard/crtbegin.o
 *(.init)
 .init          0x00000000080074d8        0x4 c:/st/stm32cubeide_1.8.0/stm32cubeide/plugins/com.st.stm32cube.ide.mcu.externaltools.gnu-tools-for-stm32.9-2020-q2-update.win32_2.0.0.202105311346/tools/bin/../lib/gcc/arm-none-eabi/9.3.1/thumb/v7e-m+fp/hard/crti.o
                0x00000000080074d8                _init
 .init          0x00000000080074dc        0x8 c:/st/stm32cubeide_1.8.0/stm32cubeide/plugins/com.st.stm32cube.ide.mcu.externaltools.gnu-tools-for-stm32.9-2020-q2-update.win32_2.0.0.202105311346/tools/bin/../lib/gcc/arm-none-eabi/9.3.1/thumb/v7e-m+fp/hard/crtn.o
 *(.fini)
 .fini          0x00000000080074e4        0x4 c:/st/stm32cubeide_1.8.0/stm32cubeide/plugins/com.st.stm32cube.ide.mcu.externaltools.gnu-tools-for-stm32.9-2020-q2-update.win32_2.0.0.202105311346/tools/bin/../lib/gcc/arm-none-eabi/9.3.1/thumb/v7e-m+fp/hard/crti.o
                0x00000000080074e4                _fini
 .fini          0x00000000080074e8        0x8 c:/st/stm32cubeide_1.8.0/stm32cubeide/plugins/com.st.stm32cube.ide.mcu.externaltools.gnu-tools-for-stm32.9-2020-q2-update.win32_2.0.0.202105311346/tools/bin/../lib/gcc/arm-none-eabi/9.3.1/thumb/v7e-m+fp/hard/crtn.o
                0x00000000080074f0                . = ALIGN (0x4)
                0x00000000080074f0                _etext = .

.vfp11_veneer   0x00000000080074f0        0x0
 .vfp11_veneer  0x00000000080074f0        0x0 linker stubs

.v4_bx          0x00000000080074f0        0x0
 .v4_bx         0x00000000080074f0        0x0 linker stubs

.iplt           0x00000000080074f0        0x0
 .iplt          0x00000000080074f0        0x0 c:/st/stm32cubeide_1.8.0/stm32cubeide/plugins/com.st.stm32cube.ide.mcu.externaltools.gnu-tools-for-stm32.9-2020-q2-update.win32_2.0.0.202105311346/tools/bin/../lib/gcc/arm-none-eabi/9.3.1/thumb/v7e-m+fp/hard/crtbegin.o

.rodata         0x00000000080074f0       0x28
                0x00000000080074f0                . = ALIGN (0x4)
 *(.rodata)
 .rodata        0x00000000080074f0        0x7 ./Core/Src/main.o
 *(.rodata*)
 *fill*         0x00000000080074f7        0x1 
 .rodata.AHBPrescTable
                0x00000000080074f8       0x10 ./Core/Src/system_stm32f4xx.o
                0x00000000080074f8                AHBPrescTable
 .rodata.APBPrescTable
                0x0000000008007508        0x8 ./Core/Src/system_stm32f4xx.o
                0x0000000008007508                APBPrescTable
 .rodata.flagBitshiftOffset.8335
                0x0000000008007510        0x8 ./Drivers/STM32F4xx_HAL_Driver/Src/stm32f4xx_hal_dma.o
                0x0000000008007518                . = ALIGN (0x4)

.ARM.extab      0x0000000008007518        0x0
                0x0000000008007518                . = ALIGN (0x4)
 *(.ARM.extab* .gnu.linkonce.armextab.*)
                0x0000000008007518                . = ALIGN (0x4)

.ARM            0x0000000008007518        0x8
                0x0000000008007518                . = ALIGN (0x4)
                0x0000000008007518                __exidx_start = .
 *(.ARM.exidx*)
 .ARM.exidx     0x0000000008007518        0x8 c:/st/stm32cubeide_1.8.0/stm32cubeide/plugins/com.st.stm32cube.ide.mcu.externaltools.gnu-tools-for-stm32.9-2020-q2-update.win32_2.0.0.202105311346/tools/bin/../lib/gcc/arm-none-eabi/9.3.1/thumb/v7e-m+fp/hard\libgcc.a(_udivmoddi4.o)
                0x0000000008007520                __exidx_end = .
                0x0000000008007520                . = ALIGN (0x4)

.rel.dyn        0x0000000008007520        0x0
 .rel.iplt      0x0000000008007520        0x0 c:/st/stm32cubeide_1.8.0/stm32cubeide/plugins/com.st.stm32cube.ide.mcu.externaltools.gnu-tools-for-stm32.9-2020-q2-update.win32_2.0.0.202105311346/tools/bin/../lib/gcc/arm-none-eabi/9.3.1/thumb/v7e-m+fp/hard/crtbegin.o

.preinit_array  0x0000000008007520        0x0
                0x0000000008007520                . = ALIGN (0x4)
                0x0000000008007520                PROVIDE (__preinit_array_start = .)
 *(.preinit_array*)
                0x0000000008007520                PROVIDE (__preinit_array_end = .)
                0x0000000008007520                . = ALIGN (0x4)

.init_array     0x0000000008007520        0x4
                0x0000000008007520                . = ALIGN (0x4)
                0x0000000008007520                PROVIDE (__init_array_start = .)
 *(SORT_BY_NAME(.init_array.*))
 *(.init_array*)
 .init_array    0x0000000008007520        0x4 c:/st/stm32cubeide_1.8.0/stm32cubeide/plugins/com.st.stm32cube.ide.mcu.externaltools.gnu-tools-for-stm32.9-2020-q2-update.win32_2.0.0.202105311346/tools/bin/../lib/gcc/arm-none-eabi/9.3.1/thumb/v7e-m+fp/hard/crtbegin.o
                0x0000000008007524                PROVIDE (__init_array_end = .)
                0x0000000008007524                . = ALIGN (0x4)

.fini_array     0x0000000008007524        0x4
                0x0000000008007524                . = ALIGN (0x4)
                [!provide]                        PROVIDE (__fini_array_start = .)
 *(SORT_BY_NAME(.fini_array.*))
 *(.fini_array*)
 .fini_array    0x0000000008007524        0x4 c:/st/stm32cubeide_1.8.0/stm32cubeide/plugins/com.st.stm32cube.ide.mcu.externaltools.gnu-tools-for-stm32.9-2020-q2-update.win32_2.0.0.202105311346/tools/bin/../lib/gcc/arm-none-eabi/9.3.1/thumb/v7e-m+fp/hard/crtbegin.o
                [!provide]                        PROVIDE (__fini_array_end = .)
                0x0000000008007528                . = ALIGN (0x4)
                0x0000000008007528                _sidata = LOADADDR (.data)

.data           0x0000000020000000       0x98 load address 0x0000000008007528
                0x0000000020000000                . = ALIGN (0x4)
                0x0000000020000000                _sdata = .
 *(.data)
 *(.data*)
 .data.panel_clut
                0x0000000020000000       0x24 ./Core/Src/led_panel.o
                0x0000000020000000                panel_clut
 .data.panel_type
                0x0000000020000024        0x1 ./Core/Src/main.o
                0x0000000020000024                panel_type
 *fill*         0x0000000020000025        0x3 
 .data.SystemCoreClock
                0x0000000020000028        0x4 ./Core/Src/system_stm32f4xx.o
                0x0000000020000028                SystemCoreClock
 .data.uwTickPrio
                0x000000002000002c        0x4 ./Drivers/STM32F4xx_HAL_Driver/Src/stm32f4xx_hal.o
                0x000000002000002c                uwTickPrio
 .data.uwTickFreq
                0x0000000020000030        0x1 ./Drivers/STM32F4xx_HAL_Driver/Src/stm32f4xx_hal.o
                0x0000000020000030                uwTickFreq
 *fill*         0x0000000020000031        0x3 
 .data._impure_ptr
                0x0000000020000034        0x4 c:/st/stm32cubeide_1.8.0/stm32cubeide/plugins/com.st.stm32cube.ide.mcu.externaltools.gnu-tools-for-stm32.9-2020-q2-update.win32_2.0.0.202105311346/tools/bin/../lib/gcc/arm-none-eabi/9.3.1/../../../../arm-none-eabi/lib/thumb/v7e-m+fp/hard\libc_nano.a(lib_a-impure.o)
                0x0000000020000034                _impure_ptr
 .data.impure_data
                0x0000000020000038       0x60 c:/st/stm32cubeide_1.8.0/stm32cubeide/plugins/com.st.stm32cube.ide.mcu.externaltools.gnu-tools-for-stm32.9-2020-q2-update.win32_2.0.0.202105311346/tools/bin/../lib/gcc/arm-none-eabi/9.3.1/../../../../arm-none-eabi/lib/thumb/v7e-m+fp/hard\libc_nano.a(lib_a-impure.o)
                0x0000000020000098                . = ALIGN (0x4)
                0x0000000020000098                _edata = .

.igot.plt       0x0000000020000098        0x0 load address 0x00000000080075c0
 .igot.plt      0x0000000020000098        0x0 c:/st/stm32cubeide_1.8.0/stm32cubeide/plugins/com.st.stm32cube.ide.mcu.externaltools.gnu-tools-for-stm32.9-2020-q2-update.win32_2.0.0.202105311346/tools/bin/../lib/gcc/arm-none-eabi/9.3.1/thumb/v7e-m+fp/hard/crtbegin.o
                0x0000000020000098                . = ALIGN (0x4)

.bss            0x0000000020000098      0xb40 load address 0x00000000080075c0
                0x0000000020000098                _sbss = .
                0x0000000020000098                __bss_start__ = _sbss
 *(.bss)
 .bss           0x0000000020000098       0x1c c:/st/stm32cubeide_1.8.0/stm32cubeide/plugins/com.st.stm32cube.ide.mcu.externaltools.gnu-tools-for-stm32.9-2020-q2-update.win32_2.0.0.202105311346/tools/bin/../lib/gcc/arm-none-eabi/9.3.1/thumb/v7e-m+fp/hard/crtbegin.o
 *(.bss*)
 .bss.conv      0x00000000200000b4        0x1 ./Core/Src/led_panel.o
                0x00000000200000b4                conv
 .bss.panel_brightness
                0x00000000200000b5        0x1 ./Core/Src/led_panel.o
                0x00000000200000b5                panel_brightness
 .bss.spi2_mode
                0x00000000200000b6        0x1 ./Core/Src/main.o
                0x00000000200000b6                spi2_mode
 *fill*         0x00000000200000b7        0x1 
 .bss.rx_header
                0x00000000200000b8        0x4 ./Core/Src/main.o
                0x00000000200000b8                rx_header
 .bss.rx_data   0x00000000200000bc      0x320 ./Core/Src/main.o
                0x00000000200000bc                rx_data
 .bss.resp_code
                0x00000000200003dc      0x320 ./Core/Src/main.o
                0x00000000200003dc                resp_code
 .bss.clut_ram  0x00000000200006fc        0x8 ./Core/Src/main.o
                0x00000000200006fc                clut_ram
 .bss.aval      0x0000000020000704       0x20 ./Core/Src/main.o
                0x0000000020000704                aval
 .bss.led_color
                0x0000000020000724       0x30 ./Core/Src/main.o
                0x0000000020000724                led_color
 .bss.led_color_set
                0x0000000020000754       0x30 ./Core/Src/main.o
                0x0000000020000754                led_color_set
 .bss.led_active
                0x0000000020000784       0x40 ./Core/Src/main.o
                0x0000000020000784                led_active
 .bss.table     0x00000000200007c4       0x14 ./Core/Src/main.o
                0x00000000200007c4                table
 .bss.panel     0x00000000200007d8       0x10 ./Core/Src/main.o
                0x00000000200007d8                panel
 .bss.frame_update
                0x00000000200007e8        0x1 ./Core/Src/main.o
                0x00000000200007e8                frame_update
 *fill*         0x00000000200007e9        0x3 
 .bss.ir_color  0x00000000200007ec        0x3 ./Core/Src/main.o
                0x00000000200007ec                ir_color
 .bss.got_structure
                0x00000000200007ef        0x1 ./Core/Src/main.o
                0x00000000200007ef                got_structure
 .bss.int_source
                0x00000000200007f0        0x1 ./Core/Src/main.o
                0x00000000200007f0                int_source
 .bss.int_command
                0x00000000200007f1        0x1 ./Core/Src/main.o
                0x00000000200007f1                int_command
 *fill*         0x00000000200007f2        0x2 
 .bss.colorMode
                0x00000000200007f4        0x4 ./Core/Src/main.o
                0x00000000200007f4                colorMode
 .bss.colorModeTime
                0x00000000200007f8        0x4 ./Core/Src/main.o
                0x00000000200007f8                colorModeTime
 .bss.int_wait  0x00000000200007fc        0x4 ./Core/Src/stm32f4xx_it.o
                0x00000000200007fc                int_wait
 .bss.heap_end.6585
                0x0000000020000800        0x4 ./Core/Src/sysmem.o
 .bss.__malloc_free_list
                0x0000000020000804        0x4 c:/st/stm32cubeide_1.8.0/stm32cubeide/plugins/com.st.stm32cube.ide.mcu.externaltools.gnu-tools-for-stm32.9-2020-q2-update.win32_2.0.0.202105311346/tools/bin/../lib/gcc/arm-none-eabi/9.3.1/../../../../arm-none-eabi/lib/thumb/v7e-m+fp/hard\libc_nano.a(lib_a-nano-mallocr.o)
                0x0000000020000804                __malloc_free_list
 .bss.__malloc_sbrk_start
                0x0000000020000808        0x4 c:/st/stm32cubeide_1.8.0/stm32cubeide/plugins/com.st.stm32cube.ide.mcu.externaltools.gnu-tools-for-stm32.9-2020-q2-update.win32_2.0.0.202105311346/tools/bin/../lib/gcc/arm-none-eabi/9.3.1/../../../../arm-none-eabi/lib/thumb/v7e-m+fp/hard\libc_nano.a(lib_a-nano-mallocr.o)
                0x0000000020000808                __malloc_sbrk_start
 *(COMMON)
 COMMON         0x000000002000080c       0xa8 ./Core/Src/adc.o
                0x000000002000080c                hadc1
                0x0000000020000854                hdma_adc1
 COMMON         0x00000000200008b4       0xe0 ./Core/Src/led_panel.o
                0x00000000200008b4                pixels
                0x0000000020000944                ir_values
                0x0000000020000964                display
 COMMON         0x0000000020000994      0x110 ./Core/Src/spi.o
                0x0000000020000994                hspi2
                0x00000000200009ec                hspi1
                0x0000000020000a44                hdma_spi1_tx
 COMMON         0x0000000020000aa4       0x40 ./Core/Src/stm32f4xx_hal_timebase_tim.o
                0x0000000020000aa4                htim2
 COMMON         0x0000000020000ae4       0x40 ./Core/Src/tim.o
                0x0000000020000ae4                htim1
 COMMON         0x0000000020000b24       0xa0 ./Core/Src/usart.o
                0x0000000020000b24                hdma_usart2_rx
                0x0000000020000b84                huart2
 COMMON         0x0000000020000bc4        0x4 ./Drivers/STM32F4xx_HAL_Driver/Src/stm32f4xx_hal.o
                0x0000000020000bc4                uwTick
 COMMON         0x0000000020000bc8        0x4 c:/st/stm32cubeide_1.8.0/stm32cubeide/plugins/com.st.stm32cube.ide.mcu.externaltools.gnu-tools-for-stm32.9-2020-q2-update.win32_2.0.0.202105311346/tools/bin/../lib/gcc/arm-none-eabi/9.3.1/../../../../arm-none-eabi/lib/thumb/v7e-m+fp/hard\libc_nano.a(lib_a-reent.o)
                0x0000000020000bc8                errno
 COMMON         0x0000000020000bcc        0x9 c:/st/stm32cubeide_1.8.0/stm32cubeide/plugins/com.st.stm32cube.ide.mcu.externaltools.gnu-tools-for-stm32.9-2020-q2-update.win32_2.0.0.202105311346/tools/bin/../lib/gcc/arm-none-eabi/9.3.1/../../../../arm-none-eabi/lib/thumb/v7e-m+fp/hard\libc_nano.a(lib_a-lock.o)
                0x0000000020000bcc                __lock___atexit_recursive_mutex
                0x0000000020000bcd                __lock___arc4random_mutex
                0x0000000020000bce                __lock___env_recursive_mutex
                0x0000000020000bcf                __lock___sinit_recursive_mutex
                0x0000000020000bd0                __lock___malloc_recursive_mutex
                0x0000000020000bd1                __lock___at_quick_exit_mutex
                0x0000000020000bd2                __lock___dd_hash_mutex
                0x0000000020000bd3                __lock___tz_mutex
                0x0000000020000bd4                __lock___sfp_recursive_mutex
                0x0000000020000bd8                . = ALIGN (0x4)
 *fill*         0x0000000020000bd5        0x3 
                0x0000000020000bd8                _ebss = .
                0x0000000020000bd8                __bss_end__ = _ebss

._user_heap_stack
                0x0000000020000bd8      0x600 load address 0x00000000080075c0
                0x0000000020000bd8                . = ALIGN (0x8)
                0x0000000020000bd8                PROVIDE (end = .)
                [!provide]                        PROVIDE (_end = .)
                0x0000000020000dd8                . = (. + _Min_Heap_Size)
 *fill*         0x0000000020000bd8      0x200 
                0x00000000200011d8                . = (. + _Min_Stack_Size)
 *fill*         0x0000000020000dd8      0x400 
                0x00000000200011d8                . = ALIGN (0x8)

/DISCARD/
 libc.a(*)
 libm.a(*)
 libgcc.a(*)

.ARM.attributes
                0x0000000000000000       0x30
 *(.ARM.attributes)
 .ARM.attributes
                0x0000000000000000       0x1e c:/st/stm32cubeide_1.8.0/stm32cubeide/plugins/com.st.stm32cube.ide.mcu.externaltools.gnu-tools-for-stm32.9-2020-q2-update.win32_2.0.0.202105311346/tools/bin/../lib/gcc/arm-none-eabi/9.3.1/thumb/v7e-m+fp/hard/crti.o
 .ARM.attributes
                0x000000000000001e       0x34 c:/st/stm32cubeide_1.8.0/stm32cubeide/plugins/com.st.stm32cube.ide.mcu.externaltools.gnu-tools-for-stm32.9-2020-q2-update.win32_2.0.0.202105311346/tools/bin/../lib/gcc/arm-none-eabi/9.3.1/thumb/v7e-m+fp/hard/crtbegin.o
 .ARM.attributes
                0x0000000000000052       0x34 ./Core/Src/adc.o
 .ARM.attributes
                0x0000000000000086       0x34 ./Core/Src/dma.o
 .ARM.attributes
                0x00000000000000ba       0x34 ./Core/Src/gpio.o
 .ARM.attributes
                0x00000000000000ee       0x34 ./Core/Src/led_panel.o
 .ARM.attributes
                0x0000000000000122       0x34 ./Core/Src/main.o
 .ARM.attributes
                0x0000000000000156       0x34 ./Core/Src/spi.o
 .ARM.attributes
                0x000000000000018a       0x34 ./Core/Src/stm32f4xx_hal_msp.o
 .ARM.attributes
                0x00000000000001be       0x34 ./Core/Src/stm32f4xx_hal_timebase_tim.o
 .ARM.attributes
                0x00000000000001f2       0x34 ./Core/Src/stm32f4xx_it.o
 .ARM.attributes
                0x0000000000000226       0x34 ./Core/Src/sysmem.o
 .ARM.attributes
                0x000000000000025a       0x34 ./Core/Src/system_stm32f4xx.o
 .ARM.attributes
                0x000000000000028e       0x34 ./Core/Src/tim.o
 .ARM.attributes
                0x00000000000002c2       0x34 ./Core/Src/usart.o
 .ARM.attributes
                0x00000000000002f6       0x34 ./Core/Src/ws2812_spi_lib.o
 .ARM.attributes
                0x000000000000032a       0x21 ./Core/Startup/startup_stm32f401ceux.o
 .ARM.attributes
                0x000000000000034b       0x34 ./Drivers/STM32F4xx_HAL_Driver/Src/stm32f4xx_hal.o
 .ARM.attributes
                0x000000000000037f       0x34 ./Drivers/STM32F4xx_HAL_Driver/Src/stm32f4xx_hal_adc.o
 .ARM.attributes
                0x00000000000003b3       0x34 ./Drivers/STM32F4xx_HAL_Driver/Src/stm32f4xx_hal_cortex.o
 .ARM.attributes
                0x00000000000003e7       0x34 ./Drivers/STM32F4xx_HAL_Driver/Src/stm32f4xx_hal_dma.o
 .ARM.attributes
                0x000000000000041b       0x34 ./Drivers/STM32F4xx_HAL_Driver/Src/stm32f4xx_hal_gpio.o
 .ARM.attributes
                0x000000000000044f       0x34 ./Drivers/STM32F4xx_HAL_Driver/Src/stm32f4xx_hal_rcc.o
 .ARM.attributes
                0x0000000000000483       0x34 ./Drivers/STM32F4xx_HAL_Driver/Src/stm32f4xx_hal_spi.o
 .ARM.attributes
                0x00000000000004b7       0x34 ./Drivers/STM32F4xx_HAL_Driver/Src/stm32f4xx_hal_tim.o
 .ARM.attributes
                0x00000000000004eb       0x34 ./Drivers/STM32F4xx_HAL_Driver/Src/stm32f4xx_hal_tim_ex.o
 .ARM.attributes
                0x000000000000051f       0x34 ./Drivers/STM32F4xx_HAL_Driver/Src/stm32f4xx_hal_uart.o
 .ARM.attributes
                0x0000000000000553       0x34 c:/st/stm32cubeide_1.8.0/stm32cubeide/plugins/com.st.stm32cube.ide.mcu.externaltools.gnu-tools-for-stm32.9-2020-q2-update.win32_2.0.0.202105311346/tools/bin/../lib/gcc/arm-none-eabi/9.3.1/../../../../arm-none-eabi/lib/thumb/v7e-m+fp/hard\libc_nano.a(lib_a-errno.o)
 .ARM.attributes
                0x0000000000000587       0x32 c:/st/stm32cubeide_1.8.0/stm32cubeide/plugins/com.st.stm32cube.ide.mcu.externaltools.gnu-tools-for-stm32.9-2020-q2-update.win32_2.0.0.202105311346/tools/bin/../lib/gcc/arm-none-eabi/9.3.1/../../../../arm-none-eabi/lib/thumb/v7e-m+fp/hard\libc_nano.a(lib_a-impure.o)
 .ARM.attributes
                0x00000000000005b9       0x34 c:/st/stm32cubeide_1.8.0/stm32cubeide/plugins/com.st.stm32cube.ide.mcu.externaltools.gnu-tools-for-stm32.9-2020-q2-update.win32_2.0.0.202105311346/tools/bin/../lib/gcc/arm-none-eabi/9.3.1/../../../../arm-none-eabi/lib/thumb/v7e-m+fp/hard\libc_nano.a(lib_a-init.o)
 .ARM.attributes
                0x00000000000005ed       0x34 c:/st/stm32cubeide_1.8.0/stm32cubeide/plugins/com.st.stm32cube.ide.mcu.externaltools.gnu-tools-for-stm32.9-2020-q2-update.win32_2.0.0.202105311346/tools/bin/../lib/gcc/arm-none-eabi/9.3.1/../../../../arm-none-eabi/lib/thumb/v7e-m+fp/hard\libc_nano.a(lib_a-malloc.o)
 .ARM.attributes
                0x0000000000000621       0x34 c:/st/stm32cubeide_1.8.0/stm32cubeide/plugins/com.st.stm32cube.ide.mcu.externaltools.gnu-tools-for-stm32.9-2020-q2-update.win32_2.0.0.202105311346/tools/bin/../lib/gcc/arm-none-eabi/9.3.1/../../../../arm-none-eabi/lib/thumb/v7e-m+fp/hard\libc_nano.a(lib_a-memset.o)
 .ARM.attributes
                0x0000000000000655       0x34 c:/st/stm32cubeide_1.8.0/stm32cubeide/plugins/com.st.stm32cube.ide.mcu.externaltools.gnu-tools-for-stm32.9-2020-q2-update.win32_2.0.0.202105311346/tools/bin/../lib/gcc/arm-none-eabi/9.3.1/../../../../arm-none-eabi/lib/thumb/v7e-m+fp/hard\libc_nano.a(lib_a-nano-freer.o)
 .ARM.attributes
                0x0000000000000689       0x34 c:/st/stm32cubeide_1.8.0/stm32cubeide/plugins/com.st.stm32cube.ide.mcu.externaltools.gnu-tools-for-stm32.9-2020-q2-update.win32_2.0.0.202105311346/tools/bin/../lib/gcc/arm-none-eabi/9.3.1/../../../../arm-none-eabi/lib/thumb/v7e-m+fp/hard\libc_nano.a(lib_a-nano-mallocr.o)
 .ARM.attributes
                0x00000000000006bd       0x34 c:/st/stm32cubeide_1.8.0/stm32cubeide/plugins/com.st.stm32cube.ide.mcu.externaltools.gnu-tools-for-stm32.9-2020-q2-update.win32_2.0.0.202105311346/tools/bin/../lib/gcc/arm-none-eabi/9.3.1/../../../../arm-none-eabi/lib/thumb/v7e-m+fp/hard\libc_nano.a(lib_a-sbrkr.o)
 .ARM.attributes
                0x00000000000006f1       0x34 c:/st/stm32cubeide_1.8.0/stm32cubeide/plugins/com.st.stm32cube.ide.mcu.externaltools.gnu-tools-for-stm32.9-2020-q2-update.win32_2.0.0.202105311346/tools/bin/../lib/gcc/arm-none-eabi/9.3.1/../../../../arm-none-eabi/lib/thumb/v7e-m+fp/hard\libc_nano.a(lib_a-mlock.o)
 .ARM.attributes
                0x0000000000000725       0x34 c:/st/stm32cubeide_1.8.0/stm32cubeide/plugins/com.st.stm32cube.ide.mcu.externaltools.gnu-tools-for-stm32.9-2020-q2-update.win32_2.0.0.202105311346/tools/bin/../lib/gcc/arm-none-eabi/9.3.1/../../../../arm-none-eabi/lib/thumb/v7e-m+fp/hard\libc_nano.a(lib_a-reent.o)
 .ARM.attributes
                0x0000000000000759       0x34 c:/st/stm32cubeide_1.8.0/stm32cubeide/plugins/com.st.stm32cube.ide.mcu.externaltools.gnu-tools-for-stm32.9-2020-q2-update.win32_2.0.0.202105311346/tools/bin/../lib/gcc/arm-none-eabi/9.3.1/../../../../arm-none-eabi/lib/thumb/v7e-m+fp/hard\libc_nano.a(lib_a-lock.o)
 .ARM.attributes
                0x000000000000078d       0x1e c:/st/stm32cubeide_1.8.0/stm32cubeide/plugins/com.st.stm32cube.ide.mcu.externaltools.gnu-tools-for-stm32.9-2020-q2-update.win32_2.0.0.202105311346/tools/bin/../lib/gcc/arm-none-eabi/9.3.1/thumb/v7e-m+fp/hard\libgcc.a(_aeabi_uldivmod.o)
 .ARM.attributes
                0x00000000000007ab       0x34 c:/st/stm32cubeide_1.8.0/stm32cubeide/plugins/com.st.stm32cube.ide.mcu.externaltools.gnu-tools-for-stm32.9-2020-q2-update.win32_2.0.0.202105311346/tools/bin/../lib/gcc/arm-none-eabi/9.3.1/thumb/v7e-m+fp/hard\libgcc.a(_udivmoddi4.o)
 .ARM.attributes
                0x00000000000007df       0x1e c:/st/stm32cubeide_1.8.0/stm32cubeide/plugins/com.st.stm32cube.ide.mcu.externaltools.gnu-tools-for-stm32.9-2020-q2-update.win32_2.0.0.202105311346/tools/bin/../lib/gcc/arm-none-eabi/9.3.1/thumb/v7e-m+fp/hard\libgcc.a(_dvmd_tls.o)
 .ARM.attributes
                0x00000000000007fd       0x1e c:/st/stm32cubeide_1.8.0/stm32cubeide/plugins/com.st.stm32cube.ide.mcu.externaltools.gnu-tools-for-stm32.9-2020-q2-update.win32_2.0.0.202105311346/tools/bin/../lib/gcc/arm-none-eabi/9.3.1/thumb/v7e-m+fp/hard/crtn.o
OUTPUT(LED Table V1.elf elf32-littlearm)
LOAD linker stubs
LOAD c:/st/stm32cubeide_1.8.0/stm32cubeide/plugins/com.st.stm32cube.ide.mcu.externaltools.gnu-tools-for-stm32.9-2020-q2-update.win32_2.0.0.202105311346/tools/bin/../lib/gcc/arm-none-eabi/9.3.1/../../../../arm-none-eabi/lib/thumb/v7e-m+fp/hard\libc.a
LOAD c:/st/stm32cubeide_1.8.0/stm32cubeide/plugins/com.st.stm32cube.ide.mcu.externaltools.gnu-tools-for-stm32.9-2020-q2-update.win32_2.0.0.202105311346/tools/bin/../lib/gcc/arm-none-eabi/9.3.1/../../../../arm-none-eabi/lib/thumb/v7e-m+fp/hard\libm.a
LOAD c:/st/stm32cubeide_1.8.0/stm32cubeide/plugins/com.st.stm32cube.ide.mcu.externaltools.gnu-tools-for-stm32.9-2020-q2-update.win32_2.0.0.202105311346/tools/bin/../lib/gcc/arm-none-eabi/9.3.1/thumb/v7e-m+fp/hard\libgcc.a

.debug_info     0x0000000000000000    0x17e39
 .debug_info    0x0000000000000000      0xf87 ./Core/Src/adc.o
 .debug_info    0x0000000000000f87      0xc82 ./Core/Src/dma.o
 .debug_info    0x0000000000001c09      0xde8 ./Core/Src/gpio.o
 .debug_info    0x00000000000029f1     0x2354 ./Core/Src/led_panel.o
 .debug_info    0x0000000000004d45     0x1d72 ./Core/Src/main.o
 .debug_info    0x0000000000006ab7      0xd30 ./Core/Src/spi.o
 .debug_info    0x00000000000077e7      0xaf3 ./Core/Src/stm32f4xx_hal_msp.o
 .debug_info    0x00000000000082da      0xb53 ./Core/Src/stm32f4xx_hal_timebase_tim.o
 .debug_info    0x0000000000008e2d     0x11b8 ./Core/Src/stm32f4xx_it.o
 .debug_info    0x0000000000009fe5      0x9b5 ./Core/Src/sysmem.o
 .debug_info    0x000000000000a99a      0x5d0 ./Core/Src/system_stm32f4xx.o
 .debug_info    0x000000000000af6a      0xe9e ./Core/Src/tim.o
 .debug_info    0x000000000000be08      0xeb7 ./Core/Src/usart.o
 .debug_info    0x000000000000ccbf      0xc4b ./Core/Src/ws2812_spi_lib.o
 .debug_info    0x000000000000d90a       0x22 ./Core/Startup/startup_stm32f401ceux.o
 .debug_info    0x000000000000d92c      0x93d ./Drivers/STM32F4xx_HAL_Driver/Src/stm32f4xx_hal.o
 .debug_info    0x000000000000e269      0xdb4 ./Drivers/STM32F4xx_HAL_Driver/Src/stm32f4xx_hal_adc.o
 .debug_info    0x000000000000f01d      0xe41 ./Drivers/STM32F4xx_HAL_Driver/Src/stm32f4xx_hal_cortex.o
 .debug_info    0x000000000000fe5e      0x9e9 ./Drivers/STM32F4xx_HAL_Driver/Src/stm32f4xx_hal_dma.o
 .debug_info    0x0000000000010847      0x852 ./Drivers/STM32F4xx_HAL_Driver/Src/stm32f4xx_hal_gpio.o
 .debug_info    0x0000000000011099      0x9bd ./Drivers/STM32F4xx_HAL_Driver/Src/stm32f4xx_hal_rcc.o
 .debug_info    0x0000000000011a56     0x1778 ./Drivers/STM32F4xx_HAL_Driver/Src/stm32f4xx_hal_spi.o
 .debug_info    0x00000000000131ce     0x26c5 ./Drivers/STM32F4xx_HAL_Driver/Src/stm32f4xx_hal_tim.o
 .debug_info    0x0000000000015893     0x1257 ./Drivers/STM32F4xx_HAL_Driver/Src/stm32f4xx_hal_tim_ex.o
 .debug_info    0x0000000000016aea     0x134f ./Drivers/STM32F4xx_HAL_Driver/Src/stm32f4xx_hal_uart.o

.debug_abbrev   0x0000000000000000     0x32b9
 .debug_abbrev  0x0000000000000000      0x1dc ./Core/Src/adc.o
 .debug_abbrev  0x00000000000001dc      0x196 ./Core/Src/dma.o
 .debug_abbrev  0x0000000000000372      0x196 ./Core/Src/gpio.o
 .debug_abbrev  0x0000000000000508      0x30b ./Core/Src/led_panel.o
 .debug_abbrev  0x0000000000000813      0x2c7 ./Core/Src/main.o
 .debug_abbrev  0x0000000000000ada      0x1dc ./Core/Src/spi.o
 .debug_abbrev  0x0000000000000cb6      0x18d ./Core/Src/stm32f4xx_hal_msp.o
 .debug_abbrev  0x0000000000000e43      0x1d0 ./Core/Src/stm32f4xx_hal_timebase_tim.o
 .debug_abbrev  0x0000000000001013      0x1fe ./Core/Src/stm32f4xx_it.o
 .debug_abbrev  0x0000000000001211      0x1e3 ./Core/Src/sysmem.o
 .debug_abbrev  0x00000000000013f4      0x145 ./Core/Src/system_stm32f4xx.o
 .debug_abbrev  0x0000000000001539      0x1d1 ./Core/Src/tim.o
 .debug_abbrev  0x000000000000170a      0x1dc ./Core/Src/usart.o
 .debug_abbrev  0x00000000000018e6      0x23e ./Core/Src/ws2812_spi_lib.o
 .debug_abbrev  0x0000000000001b24       0x12 ./Core/Startup/startup_stm32f401ceux.o
 .debug_abbrev  0x0000000000001b36      0x21e ./Drivers/STM32F4xx_HAL_Driver/Src/stm32f4xx_hal.o
 .debug_abbrev  0x0000000000001d54      0x1ef ./Drivers/STM32F4xx_HAL_Driver/Src/stm32f4xx_hal_adc.o
 .debug_abbrev  0x0000000000001f43      0x33c ./Drivers/STM32F4xx_HAL_Driver/Src/stm32f4xx_hal_cortex.o
 .debug_abbrev  0x000000000000227f      0x219 ./Drivers/STM32F4xx_HAL_Driver/Src/stm32f4xx_hal_dma.o
 .debug_abbrev  0x0000000000002498      0x1f1 ./Drivers/STM32F4xx_HAL_Driver/Src/stm32f4xx_hal_gpio.o
 .debug_abbrev  0x0000000000002689      0x275 ./Drivers/STM32F4xx_HAL_Driver/Src/stm32f4xx_hal_rcc.o
 .debug_abbrev  0x00000000000028fe      0x26e ./Drivers/STM32F4xx_HAL_Driver/Src/stm32f4xx_hal_spi.o
 .debug_abbrev  0x0000000000002b6c      0x26f ./Drivers/STM32F4xx_HAL_Driver/Src/stm32f4xx_hal_tim.o
 .debug_abbrev  0x0000000000002ddb      0x25d ./Drivers/STM32F4xx_HAL_Driver/Src/stm32f4xx_hal_tim_ex.o
 .debug_abbrev  0x0000000000003038      0x281 ./Drivers/STM32F4xx_HAL_Driver/Src/stm32f4xx_hal_uart.o

.debug_aranges  0x0000000000000000     0x1158
 .debug_aranges
                0x0000000000000000       0x30 ./Core/Src/adc.o
 .debug_aranges
                0x0000000000000030       0x20 ./Core/Src/dma.o
 .debug_aranges
                0x0000000000000050       0x20 ./Core/Src/gpio.o
 .debug_aranges
                0x0000000000000070      0x140 ./Core/Src/led_panel.o
 .debug_aranges
                0x00000000000001b0       0x70 ./Core/Src/main.o
 .debug_aranges
                0x0000000000000220       0x38 ./Core/Src/spi.o
 .debug_aranges
                0x0000000000000258       0x20 ./Core/Src/stm32f4xx_hal_msp.o
 .debug_aranges
                0x0000000000000278       0x30 ./Core/Src/stm32f4xx_hal_timebase_tim.o
 .debug_aranges
                0x00000000000002a8       0x98 ./Core/Src/stm32f4xx_it.o
 .debug_aranges
                0x0000000000000340       0x20 ./Core/Src/sysmem.o
 .debug_aranges
                0x0000000000000360       0x28 ./Core/Src/system_stm32f4xx.o
 .debug_aranges
                0x0000000000000388       0x30 ./Core/Src/tim.o
 .debug_aranges
                0x00000000000003b8       0x30 ./Core/Src/usart.o
 .debug_aranges
                0x00000000000003e8       0x50 ./Core/Src/ws2812_spi_lib.o
 .debug_aranges
                0x0000000000000438       0x28 ./Core/Startup/startup_stm32f401ceux.o
 .debug_aranges
                0x0000000000000460       0xf0 ./Drivers/STM32F4xx_HAL_Driver/Src/stm32f4xx_hal.o
 .debug_aranges
                0x0000000000000550       0xe8 ./Drivers/STM32F4xx_HAL_Driver/Src/stm32f4xx_hal_adc.o
 .debug_aranges
                0x0000000000000638      0x118 ./Drivers/STM32F4xx_HAL_Driver/Src/stm32f4xx_hal_cortex.o
 .debug_aranges
                0x0000000000000750       0x90 ./Drivers/STM32F4xx_HAL_Driver/Src/stm32f4xx_hal_dma.o
 .debug_aranges
                0x00000000000007e0       0x58 ./Drivers/STM32F4xx_HAL_Driver/Src/stm32f4xx_hal_gpio.o
 .debug_aranges
                0x0000000000000838       0x88 ./Drivers/STM32F4xx_HAL_Driver/Src/stm32f4xx_hal_rcc.o
 .debug_aranges
                0x00000000000008c0      0x1d0 ./Drivers/STM32F4xx_HAL_Driver/Src/stm32f4xx_hal_spi.o
 .debug_aranges
                0x0000000000000a90      0x3a8 ./Drivers/STM32F4xx_HAL_Driver/Src/stm32f4xx_hal_tim.o
 .debug_aranges
                0x0000000000000e38      0x150 ./Drivers/STM32F4xx_HAL_Driver/Src/stm32f4xx_hal_tim_ex.o
 .debug_aranges
                0x0000000000000f88      0x1d0 ./Drivers/STM32F4xx_HAL_Driver/Src/stm32f4xx_hal_uart.o

.debug_ranges   0x0000000000000000      0xfd0
 .debug_ranges  0x0000000000000000       0x20 ./Core/Src/adc.o
 .debug_ranges  0x0000000000000020       0x10 ./Core/Src/dma.o
 .debug_ranges  0x0000000000000030       0x10 ./Core/Src/gpio.o
 .debug_ranges  0x0000000000000040      0x130 ./Core/Src/led_panel.o
 .debug_ranges  0x0000000000000170       0x60 ./Core/Src/main.o
 .debug_ranges  0x00000000000001d0       0x28 ./Core/Src/spi.o
 .debug_ranges  0x00000000000001f8       0x10 ./Core/Src/stm32f4xx_hal_msp.o
 .debug_ranges  0x0000000000000208       0x20 ./Core/Src/stm32f4xx_hal_timebase_tim.o
 .debug_ranges  0x0000000000000228       0x88 ./Core/Src/stm32f4xx_it.o
 .debug_ranges  0x00000000000002b0       0x10 ./Core/Src/sysmem.o
 .debug_ranges  0x00000000000002c0       0x18 ./Core/Src/system_stm32f4xx.o
 .debug_ranges  0x00000000000002d8       0x20 ./Core/Src/tim.o
 .debug_ranges  0x00000000000002f8       0x20 ./Core/Src/usart.o
 .debug_ranges  0x0000000000000318       0x40 ./Core/Src/ws2812_spi_lib.o
 .debug_ranges  0x0000000000000358       0x20 ./Core/Startup/startup_stm32f401ceux.o
 .debug_ranges  0x0000000000000378       0xe0 ./Drivers/STM32F4xx_HAL_Driver/Src/stm32f4xx_hal.o
 .debug_ranges  0x0000000000000458       0xd8 ./Drivers/STM32F4xx_HAL_Driver/Src/stm32f4xx_hal_adc.o
 .debug_ranges  0x0000000000000530      0x108 ./Drivers/STM32F4xx_HAL_Driver/Src/stm32f4xx_hal_cortex.o
 .debug_ranges  0x0000000000000638       0x80 ./Drivers/STM32F4xx_HAL_Driver/Src/stm32f4xx_hal_dma.o
 .debug_ranges  0x00000000000006b8       0x48 ./Drivers/STM32F4xx_HAL_Driver/Src/stm32f4xx_hal_gpio.o
 .debug_ranges  0x0000000000000700       0x78 ./Drivers/STM32F4xx_HAL_Driver/Src/stm32f4xx_hal_rcc.o
 .debug_ranges  0x0000000000000778      0x1c0 ./Drivers/STM32F4xx_HAL_Driver/Src/stm32f4xx_hal_spi.o
 .debug_ranges  0x0000000000000938      0x398 ./Drivers/STM32F4xx_HAL_Driver/Src/stm32f4xx_hal_tim.o
 .debug_ranges  0x0000000000000cd0      0x140 ./Drivers/STM32F4xx_HAL_Driver/Src/stm32f4xx_hal_tim_ex.o
 .debug_ranges  0x0000000000000e10      0x1c0 ./Drivers/STM32F4xx_HAL_Driver/Src/stm32f4xx_hal_uart.o

.debug_macro    0x0000000000000000    0x17caa
 .debug_macro   0x0000000000000000      0x228 ./Core/Src/adc.o
 .debug_macro   0x0000000000000228      0xaa8 ./Core/Src/adc.o
 .debug_macro   0x0000000000000cd0      0x196 ./Core/Src/adc.o
 .debug_macro   0x0000000000000e66       0x2e ./Core/Src/adc.o
 .debug_macro   0x0000000000000e94       0x28 ./Core/Src/adc.o
 .debug_macro   0x0000000000000ebc       0x22 ./Core/Src/adc.o
 .debug_macro   0x0000000000000ede       0x8e ./Core/Src/adc.o
 .debug_macro   0x0000000000000f6c       0x51 ./Core/Src/adc.o
 .debug_macro   0x0000000000000fbd      0x103 ./Core/Src/adc.o
 .debug_macro   0x00000000000010c0       0x6a ./Core/Src/adc.o
 .debug_macro   0x000000000000112a      0x1df ./Core/Src/adc.o
 .debug_macro   0x0000000000001309       0x1c ./Core/Src/adc.o
 .debug_macro   0x0000000000001325       0x22 ./Core/Src/adc.o
 .debug_macro   0x0000000000001347       0xdf ./Core/Src/adc.o
 .debug_macro   0x0000000000001426     0x102d ./Core/Src/adc.o
 .debug_macro   0x0000000000002453      0x11f ./Core/Src/adc.o
 .debug_macro   0x0000000000002572     0xb850 ./Core/Src/adc.o
 .debug_macro   0x000000000000ddc2       0x43 ./Core/Src/adc.o
 .debug_macro   0x000000000000de05     0x3659 ./Core/Src/adc.o
 .debug_macro   0x000000000001145e      0x174 ./Core/Src/adc.o
 .debug_macro   0x00000000000115d2       0x5a ./Core/Src/adc.o
 .debug_macro   0x000000000001162c      0x416 ./Core/Src/adc.o
 .debug_macro   0x0000000000011a42      0x9fe ./Core/Src/adc.o
 .debug_macro   0x0000000000012440      0x15f ./Core/Src/adc.o
 .debug_macro   0x000000000001259f      0x117 ./Core/Src/adc.o
 .debug_macro   0x00000000000126b6       0xf8 ./Core/Src/adc.o
 .debug_macro   0x00000000000127ae       0x27 ./Core/Src/adc.o
 .debug_macro   0x00000000000127d5      0x287 ./Core/Src/adc.o
 .debug_macro   0x0000000000012a5c       0x5f ./Core/Src/adc.o
 .debug_macro   0x0000000000012abb      0x236 ./Core/Src/adc.o
 .debug_macro   0x0000000000012cf1      0x391 ./Core/Src/adc.o
 .debug_macro   0x0000000000013082      0x176 ./Core/Src/adc.o
 .debug_macro   0x00000000000131f8       0xf9 ./Core/Src/adc.o
 .debug_macro   0x00000000000132f1      0x132 ./Core/Src/adc.o
 .debug_macro   0x0000000000013423      0x264 ./Core/Src/adc.o
 .debug_macro   0x0000000000013687       0x2e ./Core/Src/adc.o
 .debug_macro   0x00000000000136b5      0x11a ./Core/Src/adc.o
 .debug_macro   0x00000000000137cf       0x85 ./Core/Src/adc.o
 .debug_macro   0x0000000000013854       0x89 ./Core/Src/adc.o
 .debug_macro   0x00000000000138dd      0x225 ./Core/Src/adc.o
 .debug_macro   0x0000000000013b02      0x8a0 ./Core/Src/adc.o
 .debug_macro   0x00000000000143a2       0x47 ./Core/Src/adc.o
 .debug_macro   0x00000000000143e9      0x287 ./Core/Src/adc.o
 .debug_macro   0x0000000000014670      0x126 ./Core/Src/adc.o
 .debug_macro   0x0000000000014796      0x193 ./Core/Src/adc.o
 .debug_macro   0x0000000000014929      0x228 ./Core/Src/dma.o
 .debug_macro   0x0000000000014b51      0x228 ./Core/Src/gpio.o
 .debug_macro   0x0000000000014d79      0x24b ./Core/Src/led_panel.o
 .debug_macro   0x0000000000014fc4      0x13c ./Core/Src/led_panel.o
 .debug_macro   0x0000000000015100      0x295 ./Core/Src/main.o
 .debug_macro   0x0000000000015395      0x222 ./Core/Src/spi.o
 .debug_macro   0x00000000000155b7      0x21e ./Core/Src/stm32f4xx_hal_msp.o
 .debug_macro   0x00000000000157d5      0x1f1 ./Core/Src/stm32f4xx_hal_timebase_tim.o
 .debug_macro   0x00000000000159c6      0x257 ./Core/Src/stm32f4xx_it.o
 .debug_macro   0x0000000000015c1d      0x1b1 ./Core/Src/sysmem.o
 .debug_macro   0x0000000000015dce      0x23b ./Core/Src/sysmem.o
 .debug_macro   0x0000000000016009      0x1f7 ./Core/Src/system_stm32f4xx.o
 .debug_macro   0x0000000000016200      0x228 ./Core/Src/tim.o
 .debug_macro   0x0000000000016428      0x228 ./Core/Src/usart.o
 .debug_macro   0x0000000000016650      0x21e ./Core/Src/ws2812_spi_lib.o
 .debug_macro   0x000000000001686e      0x251 ./Drivers/STM32F4xx_HAL_Driver/Src/stm32f4xx_hal.o
 .debug_macro   0x0000000000016abf      0x1f2 ./Drivers/STM32F4xx_HAL_Driver/Src/stm32f4xx_hal_adc.o
 .debug_macro   0x0000000000016cb1      0x1f1 ./Drivers/STM32F4xx_HAL_Driver/Src/stm32f4xx_hal_cortex.o
 .debug_macro   0x0000000000016ea2      0x1f7 ./Drivers/STM32F4xx_HAL_Driver/Src/stm32f4xx_hal_dma.o
 .debug_macro   0x0000000000017099      0x227 ./Drivers/STM32F4xx_HAL_Driver/Src/stm32f4xx_hal_gpio.o
 .debug_macro   0x00000000000172c0      0x215 ./Drivers/STM32F4xx_HAL_Driver/Src/stm32f4xx_hal_rcc.o
 .debug_macro   0x00000000000174d5      0x200 ./Drivers/STM32F4xx_HAL_Driver/Src/stm32f4xx_hal_spi.o
 .debug_macro   0x00000000000176d5      0x1f2 ./Drivers/STM32F4xx_HAL_Driver/Src/stm32f4xx_hal_tim.o
 .debug_macro   0x00000000000178c7      0x1f1 ./Drivers/STM32F4xx_HAL_Driver/Src/stm32f4xx_hal_tim_ex.o
 .debug_macro   0x0000000000017ab8      0x1f2 ./Drivers/STM32F4xx_HAL_Driver/Src/stm32f4xx_hal_uart.o

.debug_line     0x0000000000000000    0x142ca
 .debug_line    0x0000000000000000      0x80a ./Core/Src/adc.o
 .debug_line    0x000000000000080a      0x72c ./Core/Src/dma.o
 .debug_line    0x0000000000000f36      0x794 ./Core/Src/gpio.o
 .debug_line    0x00000000000016ca     0x1a87 ./Core/Src/led_panel.o
 .debug_line    0x0000000000003151      0xcb0 ./Core/Src/main.o
 .debug_line    0x0000000000003e01      0x861 ./Core/Src/spi.o
 .debug_line    0x0000000000004662      0x72c ./Core/Src/stm32f4xx_hal_msp.o
 .debug_line    0x0000000000004d8e      0x76e ./Core/Src/stm32f4xx_hal_timebase_tim.o
 .debug_line    0x00000000000054fc      0x905 ./Core/Src/stm32f4xx_it.o
 .debug_line    0x0000000000005e01      0x58a ./Core/Src/sysmem.o
 .debug_line    0x000000000000638b      0x796 ./Core/Src/system_stm32f4xx.o
 .debug_line    0x0000000000006b21      0x796 ./Core/Src/tim.o
 .debug_line    0x00000000000072b7      0x7ba ./Core/Src/usart.o
 .debug_line    0x0000000000007a71      0x977 ./Core/Src/ws2812_spi_lib.o
 .debug_line    0x00000000000083e8       0x85 ./Core/Startup/startup_stm32f401ceux.o
 .debug_line    0x000000000000846d      0x9f6 ./Drivers/STM32F4xx_HAL_Driver/Src/stm32f4xx_hal.o
 .debug_line    0x0000000000008e63     0x1184 ./Drivers/STM32F4xx_HAL_Driver/Src/stm32f4xx_hal_adc.o
 .debug_line    0x0000000000009fe7      0xca5 ./Drivers/STM32F4xx_HAL_Driver/Src/stm32f4xx_hal_cortex.o
 .debug_line    0x000000000000ac8c      0xf5f ./Drivers/STM32F4xx_HAL_Driver/Src/stm32f4xx_hal_dma.o
 .debug_line    0x000000000000bbeb      0xb42 ./Drivers/STM32F4xx_HAL_Driver/Src/stm32f4xx_hal_gpio.o
 .debug_line    0x000000000000c72d      0xd59 ./Drivers/STM32F4xx_HAL_Driver/Src/stm32f4xx_hal_rcc.o
 .debug_line    0x000000000000d486     0x1c33 ./Drivers/STM32F4xx_HAL_Driver/Src/stm32f4xx_hal_spi.o
 .debug_line    0x000000000000f0b9     0x2827 ./Drivers/STM32F4xx_HAL_Driver/Src/stm32f4xx_hal_tim.o
 .debug_line    0x00000000000118e0     0x11dc ./Drivers/STM32F4xx_HAL_Driver/Src/stm32f4xx_hal_tim_ex.o
 .debug_line    0x0000000000012abc     0x180e ./Drivers/STM32F4xx_HAL_Driver/Src/stm32f4xx_hal_uart.o

.debug_str      0x0000000000000000    0x93a3c
 .debug_str     0x0000000000000000    0x8ac2b ./Core/Src/adc.o
                                      0x8af81 (size before relaxing)
 .debug_str     0x000000000008ac2b      0x379 ./Core/Src/dma.o
                                      0x8b084 (size before relaxing)
 .debug_str     0x000000000008afa4       0x46 ./Core/Src/gpio.o
                                      0x8b10b (size before relaxing)
 .debug_str     0x000000000008afea      0xb9e ./Core/Src/led_panel.o
                                      0x8bea3 (size before relaxing)
 .debug_str     0x000000000008bb88      0x5d7 ./Core/Src/main.o
                                      0x8bc33 (size before relaxing)
 .debug_str     0x000000000008c15f       0x65 ./Core/Src/spi.o
                                      0x8adc4 (size before relaxing)
 .debug_str     0x000000000008c1c4       0x2c ./Core/Src/stm32f4xx_hal_msp.o
                                      0x8acfd (size before relaxing)
 .debug_str     0x000000000008c1f0       0xaa ./Core/Src/stm32f4xx_hal_timebase_tim.o
                                      0x8ab06 (size before relaxing)
 .debug_str     0x000000000008c29a      0x154 ./Core/Src/stm32f4xx_it.o
                                      0x8b780 (size before relaxing)
 .debug_str     0x000000000008c3ee     0x4512 ./Core/Src/sysmem.o
                                       0x7b9d (size before relaxing)
 .debug_str     0x0000000000090900       0xc4 ./Core/Src/system_stm32f4xx.o
                                      0x8a2f2 (size before relaxing)
 .debug_str     0x00000000000909c4       0xe8 ./Core/Src/tim.o
                                      0x8afdc (size before relaxing)
 .debug_str     0x0000000000090aac       0x57 ./Core/Src/usart.o
                                      0x8af35 (size before relaxing)
 .debug_str     0x0000000000090b03       0xc4 ./Core/Src/ws2812_spi_lib.o
                                      0x8acaf (size before relaxing)
 .debug_str     0x0000000000090bc7       0x36 ./Core/Startup/startup_stm32f401ceux.o
                                         0x61 (size before relaxing)
 .debug_str     0x0000000000090bfd      0x53d ./Drivers/STM32F4xx_HAL_Driver/Src/stm32f4xx_hal.o
                                      0x8ac5d (size before relaxing)
 .debug_str     0x000000000009113a      0x284 ./Drivers/STM32F4xx_HAL_Driver/Src/stm32f4xx_hal_adc.o
                                      0x8a877 (size before relaxing)
 .debug_str     0x00000000000913be      0x392 ./Drivers/STM32F4xx_HAL_Driver/Src/stm32f4xx_hal_cortex.o
                                      0x8aa3a (size before relaxing)
 .debug_str     0x0000000000091750      0x31d ./Drivers/STM32F4xx_HAL_Driver/Src/stm32f4xx_hal_dma.o
                                      0x8a6f5 (size before relaxing)
 .debug_str     0x0000000000091a6d      0x1cc ./Drivers/STM32F4xx_HAL_Driver/Src/stm32f4xx_hal_gpio.o
                                      0x8a531 (size before relaxing)
 .debug_str     0x0000000000091c39      0x24f ./Drivers/STM32F4xx_HAL_Driver/Src/stm32f4xx_hal_rcc.o
                                      0x8a6df (size before relaxing)
 .debug_str     0x0000000000091e88      0x53b ./Drivers/STM32F4xx_HAL_Driver/Src/stm32f4xx_hal_spi.o
                                      0x8ab4e (size before relaxing)
 .debug_str     0x00000000000923c3      0xce2 ./Drivers/STM32F4xx_HAL_Driver/Src/stm32f4xx_hal_tim.o
                                      0x8b3ec (size before relaxing)
 .debug_str     0x00000000000930a5      0x4a2 ./Drivers/STM32F4xx_HAL_Driver/Src/stm32f4xx_hal_tim_ex.o
                                      0x8abec (size before relaxing)
 .debug_str     0x0000000000093547      0x4f5 ./Drivers/STM32F4xx_HAL_Driver/Src/stm32f4xx_hal_uart.o
                                      0x8ab2c (size before relaxing)

.comment        0x0000000000000000       0x53
 .comment       0x0000000000000000       0x53 ./Core/Src/adc.o
                                         0x54 (size before relaxing)
 .comment       0x0000000000000053       0x54 ./Core/Src/dma.o
 .comment       0x0000000000000053       0x54 ./Core/Src/gpio.o
 .comment       0x0000000000000053       0x54 ./Core/Src/led_panel.o
 .comment       0x0000000000000053       0x54 ./Core/Src/main.o
 .comment       0x0000000000000053       0x54 ./Core/Src/spi.o
 .comment       0x0000000000000053       0x54 ./Core/Src/stm32f4xx_hal_msp.o
 .comment       0x0000000000000053       0x54 ./Core/Src/stm32f4xx_hal_timebase_tim.o
 .comment       0x0000000000000053       0x54 ./Core/Src/stm32f4xx_it.o
 .comment       0x0000000000000053       0x54 ./Core/Src/sysmem.o
 .comment       0x0000000000000053       0x54 ./Core/Src/system_stm32f4xx.o
 .comment       0x0000000000000053       0x54 ./Core/Src/tim.o
 .comment       0x0000000000000053       0x54 ./Core/Src/usart.o
 .comment       0x0000000000000053       0x54 ./Core/Src/ws2812_spi_lib.o
 .comment       0x0000000000000053       0x54 ./Drivers/STM32F4xx_HAL_Driver/Src/stm32f4xx_hal.o
 .comment       0x0000000000000053       0x54 ./Drivers/STM32F4xx_HAL_Driver/Src/stm32f4xx_hal_adc.o
 .comment       0x0000000000000053       0x54 ./Drivers/STM32F4xx_HAL_Driver/Src/stm32f4xx_hal_cortex.o
 .comment       0x0000000000000053       0x54 ./Drivers/STM32F4xx_HAL_Driver/Src/stm32f4xx_hal_dma.o
 .comment       0x0000000000000053       0x54 ./Drivers/STM32F4xx_HAL_Driver/Src/stm32f4xx_hal_gpio.o
 .comment       0x0000000000000053       0x54 ./Drivers/STM32F4xx_HAL_Driver/Src/stm32f4xx_hal_rcc.o
 .comment       0x0000000000000053       0x54 ./Drivers/STM32F4xx_HAL_Driver/Src/stm32f4xx_hal_spi.o
 .comment       0x0000000000000053       0x54 ./Drivers/STM32F4xx_HAL_Driver/Src/stm32f4xx_hal_tim.o
 .comment       0x0000000000000053       0x54 ./Drivers/STM32F4xx_HAL_Driver/Src/stm32f4xx_hal_tim_ex.o
 .comment       0x0000000000000053       0x54 ./Drivers/STM32F4xx_HAL_Driver/Src/stm32f4xx_hal_uart.o

.debug_frame    0x0000000000000000     0x4948
 .debug_frame   0x0000000000000000       0x7c ./Core/Src/adc.o
 .debug_frame   0x000000000000007c       0x34 ./Core/Src/dma.o
 .debug_frame   0x00000000000000b0       0x34 ./Core/Src/gpio.o
 .debug_frame   0x00000000000000e4      0x598 ./Core/Src/led_panel.o
 .debug_frame   0x000000000000067c      0x1a4 ./Core/Src/main.o
 .debug_frame   0x0000000000000820       0x90 ./Core/Src/spi.o
 .debug_frame   0x00000000000008b0       0x38 ./Core/Src/stm32f4xx_hal_msp.o
 .debug_frame   0x00000000000008e8       0x74 ./Core/Src/stm32f4xx_hal_timebase_tim.o
 .debug_frame   0x000000000000095c      0x1d8 ./Core/Src/stm32f4xx_it.o
 .debug_frame   0x0000000000000b34       0x34 ./Core/Src/sysmem.o
 .debug_frame   0x0000000000000b68       0x58 ./Core/Src/system_stm32f4xx.o
 .debug_frame   0x0000000000000bc0       0x84 ./Core/Src/tim.o
 .debug_frame   0x0000000000000c44       0x74 ./Core/Src/usart.o
 .debug_frame   0x0000000000000cb8      0x124 ./Core/Src/ws2812_spi_lib.o
 .debug_frame   0x0000000000000ddc      0x374 ./Drivers/STM32F4xx_HAL_Driver/Src/stm32f4xx_hal.o
 .debug_frame   0x0000000000001150      0x3fc ./Drivers/STM32F4xx_HAL_Driver/Src/stm32f4xx_hal_adc.o
 .debug_frame   0x000000000000154c      0x498 ./Drivers/STM32F4xx_HAL_Driver/Src/stm32f4xx_hal_cortex.o
 .debug_frame   0x00000000000019e4      0x250 ./Drivers/STM32F4xx_HAL_Driver/Src/stm32f4xx_hal_dma.o
 .debug_frame   0x0000000000001c34      0x14c ./Drivers/STM32F4xx_HAL_Driver/Src/stm32f4xx_hal_gpio.o
 .debug_frame   0x0000000000001d80      0x1ec ./Drivers/STM32F4xx_HAL_Driver/Src/stm32f4xx_hal_rcc.o
 .debug_frame   0x0000000000001f6c      0x824 ./Drivers/STM32F4xx_HAL_Driver/Src/stm32f4xx_hal_spi.o
 .debug_frame   0x0000000000002790     0x10e8 ./Drivers/STM32F4xx_HAL_Driver/Src/stm32f4xx_hal_tim.o
 .debug_frame   0x0000000000003878      0x5c0 ./Drivers/STM32F4xx_HAL_Driver/Src/stm32f4xx_hal_tim_ex.o
 .debug_frame   0x0000000000003e38      0x844 ./Drivers/STM32F4xx_HAL_Driver/Src/stm32f4xx_hal_uart.o
 .debug_frame   0x000000000000467c       0x20 c:/st/stm32cubeide_1.8.0/stm32cubeide/plugins/com.st.stm32cube.ide.mcu.externaltools.gnu-tools-for-stm32.9-2020-q2-update.win32_2.0.0.202105311346/tools/bin/../lib/gcc/arm-none-eabi/9.3.1/../../../../arm-none-eabi/lib/thumb/v7e-m+fp/hard\libc_nano.a(lib_a-errno.o)
 .debug_frame   0x000000000000469c       0x2c c:/st/stm32cubeide_1.8.0/stm32cubeide/plugins/com.st.stm32cube.ide.mcu.externaltools.gnu-tools-for-stm32.9-2020-q2-update.win32_2.0.0.202105311346/tools/bin/../lib/gcc/arm-none-eabi/9.3.1/../../../../arm-none-eabi/lib/thumb/v7e-m+fp/hard\libc_nano.a(lib_a-init.o)
 .debug_frame   0x00000000000046c8       0x30 c:/st/stm32cubeide_1.8.0/stm32cubeide/plugins/com.st.stm32cube.ide.mcu.externaltools.gnu-tools-for-stm32.9-2020-q2-update.win32_2.0.0.202105311346/tools/bin/../lib/gcc/arm-none-eabi/9.3.1/../../../../arm-none-eabi/lib/thumb/v7e-m+fp/hard\libc_nano.a(lib_a-malloc.o)
 .debug_frame   0x00000000000046f8       0x20 c:/st/stm32cubeide_1.8.0/stm32cubeide/plugins/com.st.stm32cube.ide.mcu.externaltools.gnu-tools-for-stm32.9-2020-q2-update.win32_2.0.0.202105311346/tools/bin/../lib/gcc/arm-none-eabi/9.3.1/../../../../arm-none-eabi/lib/thumb/v7e-m+fp/hard\libc_nano.a(lib_a-memset.o)
 .debug_frame   0x0000000000004718       0x38 c:/st/stm32cubeide_1.8.0/stm32cubeide/plugins/com.st.stm32cube.ide.mcu.externaltools.gnu-tools-for-stm32.9-2020-q2-update.win32_2.0.0.202105311346/tools/bin/../lib/gcc/arm-none-eabi/9.3.1/../../../../arm-none-eabi/lib/thumb/v7e-m+fp/hard\libc_nano.a(lib_a-nano-freer.o)
 .debug_frame   0x0000000000004750       0x30 c:/st/stm32cubeide_1.8.0/stm32cubeide/plugins/com.st.stm32cube.ide.mcu.externaltools.gnu-tools-for-stm32.9-2020-q2-update.win32_2.0.0.202105311346/tools/bin/../lib/gcc/arm-none-eabi/9.3.1/../../../../arm-none-eabi/lib/thumb/v7e-m+fp/hard\libc_nano.a(lib_a-nano-mallocr.o)
 .debug_frame   0x0000000000004780       0x2c c:/st/stm32cubeide_1.8.0/stm32cubeide/plugins/com.st.stm32cube.ide.mcu.externaltools.gnu-tools-for-stm32.9-2020-q2-update.win32_2.0.0.202105311346/tools/bin/../lib/gcc/arm-none-eabi/9.3.1/../../../../arm-none-eabi/lib/thumb/v7e-m+fp/hard\libc_nano.a(lib_a-sbrkr.o)
 .debug_frame   0x00000000000047ac       0x30 c:/st/stm32cubeide_1.8.0/stm32cubeide/plugins/com.st.stm32cube.ide.mcu.externaltools.gnu-tools-for-stm32.9-2020-q2-update.win32_2.0.0.202105311346/tools/bin/../lib/gcc/arm-none-eabi/9.3.1/../../../../arm-none-eabi/lib/thumb/v7e-m+fp/hard\libc_nano.a(lib_a-mlock.o)
 .debug_frame   0x00000000000047dc       0x5c c:/st/stm32cubeide_1.8.0/stm32cubeide/plugins/com.st.stm32cube.ide.mcu.externaltools.gnu-tools-for-stm32.9-2020-q2-update.win32_2.0.0.202105311346/tools/bin/../lib/gcc/arm-none-eabi/9.3.1/../../../../arm-none-eabi/lib/thumb/v7e-m+fp/hard\libc_nano.a(lib_a-reent.o)
 .debug_frame   0x0000000000004838       0xb0 c:/st/stm32cubeide_1.8.0/stm32cubeide/plugins/com.st.stm32cube.ide.mcu.externaltools.gnu-tools-for-stm32.9-2020-q2-update.win32_2.0.0.202105311346/tools/bin/../lib/gcc/arm-none-eabi/9.3.1/../../../../arm-none-eabi/lib/thumb/v7e-m+fp/hard\libc_nano.a(lib_a-lock.o)
 .debug_frame   0x00000000000048e8       0x2c c:/st/stm32cubeide_1.8.0/stm32cubeide/plugins/com.st.stm32cube.ide.mcu.externaltools.gnu-tools-for-stm32.9-2020-q2-update.win32_2.0.0.202105311346/tools/bin/../lib/gcc/arm-none-eabi/9.3.1/thumb/v7e-m+fp/hard\libgcc.a(_aeabi_uldivmod.o)
 .debug_frame   0x0000000000004914       0x34 c:/st/stm32cubeide_1.8.0/stm32cubeide/plugins/com.st.stm32cube.ide.mcu.externaltools.gnu-tools-for-stm32.9-2020-q2-update.win32_2.0.0.202105311346/tools/bin/../lib/gcc/arm-none-eabi/9.3.1/thumb/v7e-m+fp/hard\libgcc.a(_udivmoddi4.o)