led_panel.c:49:6:read_ir_sensor	56	static
led_panel.c:226:6:HAL_ADC_ConvCpltCallback	16	static
led_panel.c:236:6:set_panel_pixels	48	static
led_panel.c:266:6:set_panel_clut	40	static
led_panel.c:317:6:determine_panel_positions	16	static
led_panel.c:333:9:panel_position_ping	40	static
led_panel.c:362:6:set_collective_pixels	48	static
led_panel.c:394:6:set_panel_pixel_tx	24	static
led_panel.c:428:6:get_panel_header	24	static
led_panel.c:462:6:get_panel_payload	24	static
led_panel.c:494:6:panel_get_pos_cmd	24	static
led_panel.c:597:6:panel_set_pixel_cmd	24	static
led_panel.c:603:6:panel_set_auto_cmd	24	static
led_panel.c:610:9:send_panel_header	40	static
led_panel.c:671:9:stream_panel	24	static
led_panel.c:770:9:send_data_down	56	static
led_panel.c:948:9:send_data_up	72	static
led_panel.c:1046:6:panel_dir_config	16	static
led_panel.c:1114:6:set_panel_it	16	static
led_panel.c:1216:6:set_panel_output	4	static
led_panel.c:1256:9:master_get_data	848	static
led_panel.c:1352:9:get_panel_cmd	24	static
led_panel.c:1410:9:get_panel_structure	72	static
led_panel.c:1623:9:get_active_pixels	72	static
led_panel.c:1764:6:update_panel_pixels	32	static
led_panel.c:1833:6:set_ir_color	32	static
led_panel.c:1872:6:panel_chain_pixel_cmd	832	static
led_panel.c:1975:6:panel_get_pix_cmd	24	static
led_panel.c:2034:6:panel_set_auto	832	static
led_panel.c:2153:6:set_panel_bg	16	static
led_panel.c:2174:6:play_pong	80	static
led_panel.c:2376:6:get_local_ir	16	static
led_panel.c:2396:6:show_ir	48	static
led_panel.c:2453:10:inPaddle	32	static
led_panel.c:2465:9:is_pixel_active	32	static
led_panel.c:2531:6:set_cs_output	16	static
led_panel.c:2600:6:get_header_payload	24	static
