stm32f4xx_it.c:80:6:NMI_Handler	4	static
stm32f4xx_it.c:93:6:HardFault_Handler	160	static
stm32f4xx_it.c:120:6:MemManage_Handler	4	static
stm32f4xx_it.c:135:6:BusFault_Handler	4	static
stm32f4xx_it.c:150:6:UsageFault_Handler	4	static
stm32f4xx_it.c:165:6:SVC_Handler	4	static
stm32f4xx_it.c:178:6:DebugMon_Handler	4	static
stm32f4xx_it.c:191:6:PendSV_Handler	4	static
stm32f4xx_it.c:211:6:EXTI0_IRQHandler	8	static
stm32f4xx_it.c:228:6:EXTI1_IRQHandler	8	static
stm32f4xx_it.c:292:6:EXTI2_IRQHandler	8	static
stm32f4xx_it.c:329:6:DMA1_Stream5_IRQHandler	8	static
stm32f4xx_it.c:343:6:TIM2_IRQHandler	8	static
stm32f4xx_it.c:357:6:EXTI15_10_IRQHandler	8	static
stm32f4xx_it.c:410:6:DMA2_Stream0_IRQHandler	8	static
stm32f4xx_it.c:424:6:DMA2_Stream3_IRQHandler	8	static
